n = 700/um, dx = 0.125, L_perp = 16.0, a_rot* = 84.5 a0; uniform states 11 s
  L = 24.00  a_s = 85.000: dE = -2.2584e-03  C = 0.927 (axis 0.941)  droplets 1  (199 it, 4.9 s)
  L = 24.00  a_s = 85.025: dE = -1.7824e-03  C = 0.925 (axis 0.939)  droplets 1  (125 it, 3.0 s)
  L = 24.00  a_s = 85.050: dE = -1.3202e-03  C = 0.922 (axis 0.938)  droplets 1  (125 it, 3.1 s)
  L = 24.00  a_s = 85.075: dE = -8.7178e-04  C = 0.919 (axis 0.935)  droplets 1  (125 it, 3.1 s)
  L = 24.00  a_s = 85.100: dE = -4.3749e-04  C = 0.916 (axis 0.933)  droplets 1  (126 it, 3.1 s)
  L = 24.00  a_s = 85.125: dE = -1.7584e-05  C = 0.913 (axis 0.931)  droplets 1  (133 it, 3.2 s)
  L = 24.00  a_s = 85.150: dE = +3.8762e-04  C = 0.909 (axis 0.928)  droplets 1  (135 it, 3.2 s)
  L = 24.00  a_s = 85.175: dE = +7.7770e-04  C = 0.906 (axis 0.925)  droplets 1  (136 it, 3.2 s)
  L = 24.00  a_s = 85.200: dE = +1.1521e-03  C = 0.901 (axis 0.922)  droplets 1  (137 it, 3.2 s)
  L = 24.00  a_s = 85.225: dE = +1.5102e-03  C = 0.896 (axis 0.918)  droplets 1  (146 it, 3.4 s)
  L = 24.00  a_s = 85.250: dE = +1.8510e-03  C = 0.891 (axis 0.914)  droplets 1  (147 it, 3.4 s)
  L = 24.00  a_s = 85.275: dE = +2.1733e-03  C = 0.884 (axis 0.909)  droplets 1  (151 it, 3.5 s)
  L = 24.00  a_s = 85.300: dE = +2.4748e-03  C = 0.875 (axis 0.903)  droplets 1  (166 it, 3.9 s)
  L = 24.00  a_s = 85.325: dE = +2.7515e-03  C = 0.863 (axis 0.893)  droplets 1  (199 it, 4.6 s)
  L = 24.00  a_s = 85.350: dE = +1.1102e-14  C = 0.000 (axis 0.000)  droplets 0  (417 it, 9.6 s)
L = 24.0 (15.38 um): crossing a* = 85.12608488554258, C(a*) = 0.9127928347086673, droplets/cell 1, branch end in [85.325, 85.35]
  L = 64.00  a_s = 85.000: dE = -1.9820e-03  C = 0.940 (axis 0.951)  droplets 1  (285 it, 18.9 s)
  L = 64.00  a_s = 85.025: dE = -1.7591e-03  C = 0.939 (axis 0.949)  droplets 1  (210 it, 14.0 s)
  L = 64.00  a_s = 85.050: dE = -1.5416e-03  C = 0.937 (axis 0.948)  droplets 1  (208 it, 13.8 s)
  L = 64.00  a_s = 85.075: dE = -1.3297e-03  C = 0.935 (axis 0.947)  droplets 1  (205 it, 13.8 s)
  L = 64.00  a_s = 85.100: dE = -1.1234e-03  C = 0.933 (axis 0.945)  droplets 1  (205 it, 13.7 s)
  L = 64.00  a_s = 85.125: dE = -9.2261e-04  C = 0.930 (axis 0.943)  droplets 1  (202 it, 13.5 s)
  L = 64.00  a_s = 85.150: dE = -7.2748e-04  C = 0.928 (axis 0.942)  droplets 1  (198 it, 13.2 s)
  L = 64.00  a_s = 85.175: dE = -5.3802e-04  C = 0.926 (axis 0.940)  droplets 1  (194 it, 12.9 s)
  L = 64.00  a_s = 85.200: dE = -3.5431e-04  C = 0.923 (axis 0.938)  droplets 1  (194 it, 12.9 s)
  L = 64.00  a_s = 85.225: dE = -1.7643e-04  C = 0.920 (axis 0.936)  droplets 1  (190 it, 12.6 s)
  L = 64.00  a_s = 85.250: dE = -4.4538e-06  C = 0.917 (axis 0.933)  droplets 1  (187 it, 12.4 s)
  L = 64.00  a_s = 85.275: dE = +1.6148e-04  C = 0.914 (axis 0.931)  droplets 1  (183 it, 12.3 s)
  L = 64.00  a_s = 85.300: dE = +3.2124e-04  C = 0.910 (axis 0.928)  droplets 1  (180 it, 11.9 s)
  L = 64.00  a_s = 85.325: dE = +4.7462e-04  C = 0.906 (axis 0.925)  droplets 1  (175 it, 11.7 s)
  L = 64.00  a_s = 85.350: dE = +6.2138e-04  C = 0.901 (axis 0.922)  droplets 1  (182 it, 12.2 s)
  L = 64.00  a_s = 85.375: dE = +7.6119e-04  C = 0.896 (axis 0.918)  droplets 1  (184 it, 12.5 s)
  L = 64.00  a_s = 85.400: dE = +8.9359e-04  C = 0.890 (axis 0.913)  droplets 1  (186 it, 12.4 s)
  L = 64.00  a_s = 85.425: dE = +1.0179e-03  C = 0.882 (axis 0.907)  droplets 1  (190 it, 12.8 s)
  L = 64.00  a_s = 85.450: dE = +1.1327e-03  C = 0.872 (axis 0.899)  droplets 1  (213 it, 14.2 s)
  L = 64.00  a_s = 85.475: dE = +1.2347e-03  C = 0.848 (axis 0.881)  droplets 1  (469 it, 31.0 s)
  L = 64.00  a_s = 85.500: dE = +1.5099e-14  C = 0.000 (axis 0.000)  droplets 0  (244 it, 16.2 s)
L = 64.0 (41.02 um): crossing a* = 85.25067100579123, C(a*) = 0.9168658155564469, droplets/cell 1, branch end in [85.475, 85.5]

n = 700/um (crossing, 1 droplet(s) per cell): a* = 85.251 a0 at L = 64.0 l (41.02 um), a* - a_rot* = +0.751 a0, C(a*) = 0.917, crystal branch ends in [85.475, 85.5] a0 (376 s)
wrote C:\Users\kyost\Desktop\git\qs\results\tube_first_order_700_dx0.125.json
