n = 6250/um, dx = 0.25, L_perp = 24.0, a_rot* = 89.83 a0; uniform states 19 s
  L =  4.10  a_s = 89.750: dE = -7.5958e-03  C = 0.808 (axis 0.762)  droplets 1  (238 it, 0.7 s)
  L =  4.10  a_s = 89.775: dE = -7.1048e-03  C = 0.804 (axis 0.757)  droplets 1  (117 it, 0.3 s)
  L =  4.10  a_s = 89.800: dE = -6.6221e-03  C = 0.800 (axis 0.752)  droplets 1  (120 it, 0.3 s)
  L =  4.10  a_s = 89.825: dE = -6.1477e-03  C = 0.796 (axis 0.746)  droplets 1  (121 it, 0.3 s)
  L =  4.10  a_s = 89.850: dE = -5.6817e-03  C = 0.792 (axis 0.741)  droplets 1  (130 it, 0.4 s)
  L =  4.10  a_s = 89.875: dE = -5.2243e-03  C = 0.787 (axis 0.735)  droplets 1  (132 it, 0.3 s)
  L =  4.10  a_s = 89.900: dE = -4.7756e-03  C = 0.783 (axis 0.729)  droplets 1  (133 it, 0.4 s)
  L =  4.10  a_s = 89.925: dE = -4.3357e-03  C = 0.778 (axis 0.723)  droplets 1  (134 it, 0.3 s)
  L =  4.10  a_s = 89.950: dE = -3.9049e-03  C = 0.773 (axis 0.717)  droplets 1  (135 it, 0.4 s)
  L =  4.10  a_s = 89.975: dE = -3.4833e-03  C = 0.767 (axis 0.710)  droplets 1  (135 it, 0.3 s)
  L =  4.10  a_s = 90.000: dE = -3.0711e-03  C = 0.762 (axis 0.703)  droplets 1  (137 it, 0.3 s)
  L =  4.10  a_s = 90.025: dE = -2.6686e-03  C = 0.756 (axis 0.695)  droplets 1  (137 it, 0.4 s)
  L =  4.10  a_s = 90.050: dE = -2.2759e-03  C = 0.749 (axis 0.687)  droplets 1  (139 it, 0.4 s)
  L =  4.10  a_s = 90.075: dE = -1.8934e-03  C = 0.743 (axis 0.679)  droplets 1  (140 it, 0.4 s)
  L =  4.10  a_s = 90.100: dE = -1.5215e-03  C = 0.735 (axis 0.670)  droplets 1  (141 it, 0.4 s)
  L =  4.10  a_s = 90.125: dE = -1.1606e-03  C = 0.728 (axis 0.660)  droplets 1  (142 it, 0.4 s)
  L =  4.10  a_s = 90.150: dE = -8.1104e-04  C = 0.719 (axis 0.649)  droplets 1  (143 it, 0.4 s)
  L =  4.10  a_s = 90.175: dE = -4.7357e-04  C = 0.710 (axis 0.638)  droplets 1  (145 it, 0.4 s)
  L =  4.10  a_s = 90.200: dE = -1.4888e-04  C = 0.699 (axis 0.625)  droplets 1  (147 it, 0.4 s)
  L =  4.10  a_s = 90.225: dE = +1.6204e-04  C = 0.688 (axis 0.610)  droplets 1  (167 it, 0.4 s)
  L =  4.10  a_s = 90.250: dE = +4.5782e-04  C = 0.674 (axis 0.594)  droplets 1  (171 it, 0.4 s)
  L =  4.10  a_s = 90.275: dE = +7.3641e-04  C = 0.657 (axis 0.573)  droplets 1  (177 it, 0.4 s)
  L =  4.10  a_s = 90.300: dE = +9.9412e-04  C = 0.633 (axis 0.544)  droplets 1  (206 it, 0.5 s)
  L =  4.10  a_s = 90.325: dE = -1.2257e-13  C = 0.000 (axis 0.000)  droplets 0  (408 it, 1.0 s)
L = 4.1 (2.63 um): crossing a* = 90.2119709994921, C(a*) = 0.6937462232903371, droplets/cell 1, branch end in [90.3, 90.325]
  L =  4.15  a_s = 89.750: dE = -8.0360e-03  C = 0.813 (axis 0.769)  droplets 1  (239 it, 0.6 s)
  L =  4.15  a_s = 89.775: dE = -7.5359e-03  C = 0.809 (axis 0.764)  droplets 1  (117 it, 0.3 s)
  L =  4.15  a_s = 89.800: dE = -7.0440e-03  C = 0.805 (axis 0.759)  droplets 1  (118 it, 0.3 s)
  L =  4.15  a_s = 89.825: dE = -6.5603e-03  C = 0.801 (axis 0.754)  droplets 1  (120 it, 0.3 s)
  L =  4.15  a_s = 89.850: dE = -6.0849e-03  C = 0.797 (axis 0.749)  droplets 1  (121 it, 0.3 s)
  L =  4.15  a_s = 89.875: dE = -5.6179e-03  C = 0.793 (axis 0.743)  droplets 1  (130 it, 0.3 s)
  L =  4.15  a_s = 89.900: dE = -5.1596e-03  C = 0.788 (axis 0.738)  droplets 1  (132 it, 0.3 s)
  L =  4.15  a_s = 89.925: dE = -4.7100e-03  C = 0.784 (axis 0.732)  droplets 1  (134 it, 0.3 s)
  L =  4.15  a_s = 89.950: dE = -4.2692e-03  C = 0.779 (axis 0.725)  droplets 1  (135 it, 0.3 s)
  L =  4.15  a_s = 89.975: dE = -3.8375e-03  C = 0.774 (axis 0.719)  droplets 1  (135 it, 0.3 s)
  L =  4.15  a_s = 90.000: dE = -3.4149e-03  C = 0.768 (axis 0.712)  droplets 1  (137 it, 0.4 s)
  L =  4.15  a_s = 90.025: dE = -3.0018e-03  C = 0.763 (axis 0.705)  droplets 1  (137 it, 0.4 s)
  L =  4.15  a_s = 90.050: dE = -2.5984e-03  C = 0.757 (axis 0.698)  droplets 1  (138 it, 0.4 s)
  L =  4.15  a_s = 90.075: dE = -2.2048e-03  C = 0.750 (axis 0.690)  droplets 1  (139 it, 0.4 s)
  L =  4.15  a_s = 90.100: dE = -1.8215e-03  C = 0.743 (axis 0.681)  droplets 1  (140 it, 0.4 s)
  L =  4.15  a_s = 90.125: dE = -1.4487e-03  C = 0.736 (axis 0.672)  droplets 1  (142 it, 0.4 s)
  L =  4.15  a_s = 90.150: dE = -1.0869e-03  C = 0.728 (axis 0.662)  droplets 1  (142 it, 0.4 s)
  L =  4.15  a_s = 90.175: dE = -7.3656e-04  C = 0.720 (axis 0.652)  droplets 1  (144 it, 0.4 s)
  L =  4.15  a_s = 90.200: dE = -3.9830e-04  C = 0.711 (axis 0.640)  droplets 1  (145 it, 0.4 s)
  L =  4.15  a_s = 90.225: dE = -7.2875e-05  C = 0.700 (axis 0.627)  droplets 1  (147 it, 0.4 s)
  L =  4.15  a_s = 90.250: dE = +2.3872e-04  C = 0.688 (axis 0.612)  droplets 1  (168 it, 0.4 s)
  L =  4.15  a_s = 90.275: dE = +5.3509e-04  C = 0.674 (axis 0.595)  droplets 1  (172 it, 0.4 s)
  L =  4.15  a_s = 90.300: dE = +8.1411e-04  C = 0.657 (axis 0.574)  droplets 1  (177 it, 0.5 s)
  L =  4.15  a_s = 90.325: dE = +1.0719e-03  C = 0.632 (axis 0.545)  droplets 1  (208 it, 0.5 s)
  L =  4.15  a_s = 90.350: dE = -1.1546e-13  C = 0.000 (axis 0.000)  droplets 0  (413 it, 1.1 s)
L = 4.15 (2.66 um): crossing a* = 90.23084694141407, C(a*) = 0.6973182470029137, droplets/cell 1, branch end in [90.325, 90.35]
  L =  4.20  a_s = 89.750: dE = -8.3748e-03  C = 0.818 (axis 0.775)  droplets 1  (240 it, 0.6 s)
  L =  4.20  a_s = 89.775: dE = -7.8673e-03  C = 0.814 (axis 0.770)  droplets 1  (117 it, 0.3 s)
  L =  4.20  a_s = 89.800: dE = -7.3678e-03  C = 0.811 (axis 0.766)  droplets 1  (118 it, 0.3 s)
  L =  4.20  a_s = 89.825: dE = -6.8766e-03  C = 0.807 (axis 0.761)  droplets 1  (119 it, 0.3 s)
  L =  4.20  a_s = 89.850: dE = -6.3936e-03  C = 0.803 (axis 0.756)  droplets 1  (120 it, 0.4 s)
  L =  4.20  a_s = 89.875: dE = -5.9189e-03  C = 0.799 (axis 0.750)  droplets 1  (121 it, 0.3 s)
  L =  4.20  a_s = 89.900: dE = -5.4528e-03  C = 0.794 (axis 0.745)  droplets 1  (132 it, 0.4 s)
  L =  4.20  a_s = 89.925: dE = -4.9953e-03  C = 0.790 (axis 0.739)  droplets 1  (134 it, 0.4 s)
  L =  4.20  a_s = 89.950: dE = -4.5465e-03  C = 0.785 (axis 0.733)  droplets 1  (134 it, 0.4 s)
  L =  4.20  a_s = 89.975: dE = -4.1067e-03  C = 0.780 (axis 0.727)  droplets 1  (135 it, 0.3 s)
  L =  4.20  a_s = 90.000: dE = -3.6759e-03  C = 0.775 (axis 0.721)  droplets 1  (136 it, 0.4 s)
  L =  4.20  a_s = 90.025: dE = -3.2544e-03  C = 0.770 (axis 0.714)  droplets 1  (137 it, 0.4 s)
  L =  4.20  a_s = 90.050: dE = -2.8424e-03  C = 0.764 (axis 0.706)  droplets 1  (137 it, 0.4 s)
  L =  4.20  a_s = 90.075: dE = -2.4401e-03  C = 0.758 (axis 0.699)  droplets 1  (139 it, 0.4 s)
  L =  4.20  a_s = 90.100: dE = -2.0477e-03  C = 0.751 (axis 0.691)  droplets 1  (140 it, 0.4 s)
  L =  4.20  a_s = 90.125: dE = -1.6657e-03  C = 0.744 (axis 0.682)  droplets 1  (141 it, 0.4 s)
  L =  4.20  a_s = 90.150: dE = -1.2944e-03  C = 0.737 (axis 0.673)  droplets 1  (142 it, 0.4 s)
  L =  4.20  a_s = 90.175: dE = -9.3412e-04  C = 0.729 (axis 0.663)  droplets 1  (143 it, 0.4 s)
  L =  4.20  a_s = 90.200: dE = -5.8548e-04  C = 0.720 (axis 0.652)  droplets 1  (145 it, 0.4 s)
  L =  4.20  a_s = 90.225: dE = -2.4910e-04  C = 0.711 (axis 0.640)  droplets 1  (146 it, 0.4 s)
  L =  4.20  a_s = 90.250: dE = +7.4198e-05  C = 0.700 (axis 0.627)  droplets 1  (150 it, 0.4 s)
  L =  4.20  a_s = 90.275: dE = +3.8333e-04  C = 0.688 (axis 0.612)  droplets 1  (169 it, 0.4 s)
  L =  4.20  a_s = 90.300: dE = +6.7675e-04  C = 0.673 (axis 0.594)  droplets 1  (173 it, 0.5 s)
  L =  4.20  a_s = 90.325: dE = +9.5199e-04  C = 0.654 (axis 0.571)  droplets 1  (180 it, 0.5 s)
  L =  4.20  a_s = 90.350: dE = +1.2041e-03  C = 0.626 (axis 0.537)  droplets 1  (234 it, 0.7 s)
  L =  4.20  a_s = 90.375: dE = -7.6383e-14  C = 0.000 (axis 0.000)  droplets 0  (337 it, 0.9 s)
L = 4.2 (2.69 um): crossing a* = 90.24426251322767, C(a*) = 0.7025572203434278, droplets/cell 1, branch end in [90.35, 90.375]
  L =  4.25  a_s = 89.750: dE = -8.6119e-03  C = 0.822 (axis 0.780)  droplets 1  (241 it, 0.7 s)
  L =  4.25  a_s = 89.775: dE = -8.0986e-03  C = 0.819 (axis 0.776)  droplets 1  (118 it, 0.3 s)
  L =  4.25  a_s = 89.800: dE = -7.5933e-03  C = 0.815 (axis 0.771)  droplets 1  (119 it, 0.3 s)
  L =  4.25  a_s = 89.825: dE = -7.0961e-03  C = 0.811 (axis 0.766)  droplets 1  (120 it, 0.3 s)
  L =  4.25  a_s = 89.850: dE = -6.6072e-03  C = 0.807 (axis 0.762)  droplets 1  (120 it, 0.3 s)
  L =  4.25  a_s = 89.875: dE = -6.1266e-03  C = 0.803 (axis 0.756)  droplets 1  (121 it, 0.3 s)
  L =  4.25  a_s = 89.900: dE = -5.6544e-03  C = 0.799 (axis 0.751)  droplets 1  (124 it, 0.3 s)
  L =  4.25  a_s = 89.925: dE = -5.1908e-03  C = 0.795 (axis 0.745)  droplets 1  (134 it, 0.3 s)
  L =  4.25  a_s = 89.950: dE = -4.7359e-03  C = 0.790 (axis 0.740)  droplets 1  (134 it, 0.3 s)
  L =  4.25  a_s = 89.975: dE = -4.2898e-03  C = 0.785 (axis 0.734)  droplets 1  (135 it, 0.4 s)
  L =  4.25  a_s = 90.000: dE = -3.8526e-03  C = 0.780 (axis 0.727)  droplets 1  (136 it, 0.4 s)
  L =  4.25  a_s = 90.025: dE = -3.4247e-03  C = 0.775 (axis 0.721)  droplets 1  (137 it, 0.4 s)
  L =  4.25  a_s = 90.050: dE = -3.0061e-03  C = 0.770 (axis 0.714)  droplets 1  (137 it, 0.4 s)
  L =  4.25  a_s = 90.075: dE = -2.5971e-03  C = 0.764 (axis 0.706)  droplets 1  (138 it, 0.4 s)
  L =  4.25  a_s = 90.100: dE = -2.1980e-03  C = 0.757 (axis 0.698)  droplets 1  (139 it, 0.4 s)
  L =  4.25  a_s = 90.125: dE = -1.8090e-03  C = 0.751 (axis 0.690)  droplets 1  (141 it, 0.4 s)
  L =  4.25  a_s = 90.150: dE = -1.4305e-03  C = 0.744 (axis 0.681)  droplets 1  (142 it, 0.4 s)
  L =  4.25  a_s = 90.175: dE = -1.0628e-03  C = 0.736 (axis 0.672)  droplets 1  (143 it, 0.4 s)
  L =  4.25  a_s = 90.200: dE = -7.0651e-04  C = 0.728 (axis 0.661)  droplets 1  (145 it, 0.4 s)
  L =  4.25  a_s = 90.225: dE = -3.6209e-04  C = 0.719 (axis 0.650)  droplets 1  (146 it, 0.4 s)
  L =  4.25  a_s = 90.250: dE = -3.0303e-05  C = 0.709 (axis 0.637)  droplets 1  (148 it, 0.4 s)
  L =  4.25  a_s = 90.275: dE = +2.8792e-04  C = 0.697 (axis 0.623)  droplets 1  (167 it, 0.4 s)
  L =  4.25  a_s = 90.300: dE = +5.9131e-04  C = 0.684 (axis 0.607)  droplets 1  (171 it, 0.4 s)
  L =  4.25  a_s = 90.325: dE = +8.7794e-04  C = 0.668 (axis 0.587)  droplets 1  (176 it, 0.5 s)
  L =  4.25  a_s = 90.350: dE = +1.1445e-03  C = 0.646 (axis 0.561)  droplets 1  (206 it, 0.5 s)
  L =  4.25  a_s = 90.375: dE = +1.3819e-03  C = 0.596 (axis 0.502)  droplets 1  (551 it, 1.6 s)
  L =  4.25  a_s = 90.400: dE = -7.8160e-14  C = 0.000 (axis 0.000)  droplets 0  (366 it, 1.0 s)
L = 4.25 (2.72 um): crossing a* = 90.25238063436348, C(a*) = 0.7077399330079355, droplets/cell 1, branch end in [90.375, 90.4]
  L =  4.30  a_s = 89.750: dE = -8.7485e-03  C = 0.826 (axis 0.785)  droplets 1  (242 it, 0.7 s)
  L =  4.30  a_s = 89.775: dE = -8.2309e-03  C = 0.822 (axis 0.780)  droplets 1  (119 it, 0.3 s)
  L =  4.30  a_s = 89.800: dE = -7.7213e-03  C = 0.819 (axis 0.776)  droplets 1  (119 it, 0.3 s)
  L =  4.30  a_s = 89.825: dE = -7.2198e-03  C = 0.815 (axis 0.771)  droplets 1  (120 it, 0.3 s)
  L =  4.30  a_s = 89.850: dE = -6.7265e-03  C = 0.811 (axis 0.766)  droplets 1  (120 it, 0.3 s)
  L =  4.30  a_s = 89.875: dE = -6.2415e-03  C = 0.807 (axis 0.761)  droplets 1  (121 it, 0.3 s)
  L =  4.30  a_s = 89.900: dE = -5.7649e-03  C = 0.803 (axis 0.756)  droplets 1  (123 it, 0.3 s)
  L =  4.30  a_s = 89.925: dE = -5.2968e-03  C = 0.799 (axis 0.750)  droplets 1  (134 it, 0.4 s)
  L =  4.30  a_s = 89.950: dE = -4.8374e-03  C = 0.794 (axis 0.745)  droplets 1  (134 it, 0.4 s)
  L =  4.30  a_s = 89.975: dE = -4.3868e-03  C = 0.790 (axis 0.739)  droplets 1  (135 it, 0.4 s)
  L =  4.30  a_s = 90.000: dE = -3.9451e-03  C = 0.785 (axis 0.732)  droplets 1  (136 it, 0.4 s)
  L =  4.30  a_s = 90.025: dE = -3.5125e-03  C = 0.779 (axis 0.726)  droplets 1  (137 it, 0.4 s)
  L =  4.30  a_s = 90.050: dE = -3.0893e-03  C = 0.774 (axis 0.719)  droplets 1  (137 it, 0.4 s)
  L =  4.30  a_s = 90.075: dE = -2.6756e-03  C = 0.768 (axis 0.712)  droplets 1  (138 it, 0.4 s)
  L =  4.30  a_s = 90.100: dE = -2.2716e-03  C = 0.762 (axis 0.704)  droplets 1  (139 it, 0.4 s)
  L =  4.30  a_s = 90.125: dE = -1.8777e-03  C = 0.756 (axis 0.696)  droplets 1  (141 it, 0.4 s)
  L =  4.30  a_s = 90.150: dE = -1.4941e-03  C = 0.749 (axis 0.687)  droplets 1  (141 it, 0.4 s)
  L =  4.30  a_s = 90.175: dE = -1.1213e-03  C = 0.742 (axis 0.678)  droplets 1  (143 it, 0.4 s)
  L =  4.30  a_s = 90.200: dE = -7.5969e-04  C = 0.734 (axis 0.668)  droplets 1  (144 it, 0.4 s)
  L =  4.30  a_s = 90.225: dE = -4.0977e-04  C = 0.725 (axis 0.657)  droplets 1  (146 it, 0.4 s)
  L =  4.30  a_s = 90.250: dE = -7.2237e-05  C = 0.715 (axis 0.645)  droplets 1  (148 it, 0.4 s)
  L =  4.30  a_s = 90.275: dE = +2.5206e-04  C = 0.704 (axis 0.632)  droplets 1  (153 it, 0.4 s)
  L =  4.30  a_s = 90.300: dE = +5.6197e-04  C = 0.692 (axis 0.616)  droplets 1  (170 it, 0.5 s)
  L =  4.30  a_s = 90.325: dE = +8.5583e-04  C = 0.677 (axis 0.598)  droplets 1  (174 it, 0.5 s)
  L =  4.30  a_s = 90.350: dE = +1.1309e-03  C = 0.657 (axis 0.574)  droplets 1  (203 it, 0.5 s)
  L =  4.30  a_s = 90.375: dE = +1.3812e-03  C = 0.625 (axis 0.535)  droplets 1  (249 it, 0.7 s)
  L =  4.30  a_s = 90.400: dE = -5.3291e-14  C = 0.000 (axis 0.000)  droplets 0  (321 it, 0.8 s)
L = 4.3 (2.76 um): crossing a* = 90.25556874303253, C(a*) = 0.7126594060697227, droplets/cell 1, branch end in [90.375, 90.4]
  L =  4.35  a_s = 89.750: dE = -8.7865e-03  C = 0.829 (axis 0.788)  droplets 1  (242 it, 0.6 s)
  L =  4.35  a_s = 89.775: dE = -8.2660e-03  C = 0.825 (axis 0.784)  droplets 1  (119 it, 0.3 s)
  L =  4.35  a_s = 89.800: dE = -7.7535e-03  C = 0.822 (axis 0.779)  droplets 1  (120 it, 0.3 s)
  L =  4.35  a_s = 89.825: dE = -7.2491e-03  C = 0.818 (axis 0.775)  droplets 1  (120 it, 0.3 s)
  L =  4.35  a_s = 89.850: dE = -6.7530e-03  C = 0.814 (axis 0.770)  droplets 1  (121 it, 0.3 s)
  L =  4.35  a_s = 89.875: dE = -6.2651e-03  C = 0.810 (axis 0.765)  droplets 1  (121 it, 0.3 s)
  L =  4.35  a_s = 89.900: dE = -5.7857e-03  C = 0.806 (axis 0.760)  droplets 1  (123 it, 0.3 s)
  L =  4.35  a_s = 89.925: dE = -5.3147e-03  C = 0.802 (axis 0.754)  droplets 1  (134 it, 0.3 s)
  L =  4.35  a_s = 89.950: dE = -4.8524e-03  C = 0.797 (axis 0.749)  droplets 1  (134 it, 0.3 s)
  L =  4.35  a_s = 89.975: dE = -4.3989e-03  C = 0.793 (axis 0.743)  droplets 1  (136 it, 0.3 s)
  L =  4.35  a_s = 90.000: dE = -3.9544e-03  C = 0.788 (axis 0.736)  droplets 1  (136 it, 0.3 s)
  L =  4.35  a_s = 90.025: dE = -3.5189e-03  C = 0.783 (axis 0.730)  droplets 1  (137 it, 0.4 s)
  L =  4.35  a_s = 90.050: dE = -3.0928e-03  C = 0.777 (axis 0.723)  droplets 1  (137 it, 0.4 s)
  L =  4.35  a_s = 90.075: dE = -2.6761e-03  C = 0.772 (axis 0.716)  droplets 1  (138 it, 0.4 s)
  L =  4.35  a_s = 90.100: dE = -2.2692e-03  C = 0.766 (axis 0.708)  droplets 1  (140 it, 0.4 s)
  L =  4.35  a_s = 90.125: dE = -1.8723e-03  C = 0.759 (axis 0.700)  droplets 1  (141 it, 0.4 s)
  L =  4.35  a_s = 90.150: dE = -1.4857e-03  C = 0.753 (axis 0.692)  droplets 1  (141 it, 0.4 s)
  L =  4.35  a_s = 90.175: dE = -1.1098e-03  C = 0.745 (axis 0.683)  droplets 1  (143 it, 0.4 s)
  L =  4.35  a_s = 90.200: dE = -7.4506e-04  C = 0.737 (axis 0.673)  droplets 1  (144 it, 0.4 s)
  L =  4.35  a_s = 90.225: dE = -3.9195e-04  C = 0.729 (axis 0.662)  droplets 1  (146 it, 0.4 s)
  L =  4.35  a_s = 90.250: dE = -5.1121e-05  C = 0.719 (axis 0.650)  droplets 1  (148 it, 0.4 s)
  L =  4.35  a_s = 90.275: dE = +2.7659e-04  C = 0.709 (axis 0.637)  droplets 1  (153 it, 0.4 s)
  L =  4.35  a_s = 90.300: dE = +5.9007e-04  C = 0.696 (axis 0.622)  droplets 1  (170 it, 0.4 s)
  L =  4.35  a_s = 90.325: dE = +8.8775e-04  C = 0.682 (axis 0.604)  droplets 1  (174 it, 0.5 s)
  L =  4.35  a_s = 90.350: dE = +1.1671e-03  C = 0.663 (axis 0.581)  droplets 1  (182 it, 0.5 s)
  L =  4.35  a_s = 90.375: dE = +1.4228e-03  C = 0.634 (axis 0.546)  droplets 1  (237 it, 0.6 s)
  L =  4.35  a_s = 90.400: dE = -7.9936e-14  C = 0.000 (axis 0.000)  droplets 0  (250 it, 0.6 s)
L = 4.35 (2.79 um): crossing a* = 90.25389992656199, C(a*) = 0.7175716839877488, droplets/cell 1, branch end in [90.375, 90.4]

n = 6250/um (crossing, 1 droplet(s) per cell): a* = 90.256 a0 at L = 4.3 l (2.76 um), a* - a_rot* = +0.426 a0, C(a*) = 0.713, crystal branch ends in [90.375, 90.4] a0 (117 s)
wrote results\tube_first_order_6250_refine2.json
