n = 6250/um, dx = 0.25, L_perp = 24.0, a_rot* = 89.83 a0; uniform states 29 s
  L =  3.50  a_s = 89.250: dE = -2.8633e-03  C = 0.714 (axis 0.645)  droplets 1  (277 it, 1.0 s)
  L =  3.50  a_s = 89.300: dE = -2.1164e-03  C = 0.699 (axis 0.627)  droplets 1  (140 it, 0.4 s)
  L =  3.50  a_s = 89.350: dE = -1.4154e-03  C = 0.682 (axis 0.606)  droplets 1  (157 it, 0.5 s)
  L =  3.50  a_s = 89.400: dE = -7.6468e-04  C = 0.661 (axis 0.582)  droplets 1  (161 it, 0.5 s)
  L =  3.50  a_s = 89.450: dE = -1.7131e-04  C = 0.635 (axis 0.550)  droplets 1  (168 it, 0.5 s)
  L =  3.50  a_s = 89.500: dE = +3.5093e-04  C = 0.595 (axis 0.504)  droplets 1  (217 it, 0.6 s)
  L =  3.50  a_s = 89.550: dE = +3.5527e-15  C = 0.000 (axis 0.000)  droplets 0  (393 it, 1.2 s)
L = 3.5 (2.24 um): a* = 89.46640173417235, C(a*) = 0.621641792504781, branch end in [89.5, 89.55]
  L =  4.00  a_s = 89.250: dE = -1.7420e-02  C = 0.855 (axis 0.821)  droplets 1  (218 it, 0.7 s)
  L =  4.00  a_s = 89.300: dE = -1.6184e-02  C = 0.850 (axis 0.815)  droplets 1  (116 it, 0.4 s)
  L =  4.00  a_s = 89.350: dE = -1.4978e-02  C = 0.845 (axis 0.809)  droplets 1  (117 it, 0.4 s)
  L =  4.00  a_s = 89.400: dE = -1.3801e-02  C = 0.840 (axis 0.802)  droplets 1  (117 it, 0.4 s)
  L =  4.00  a_s = 89.450: dE = -1.2653e-02  C = 0.834 (axis 0.795)  droplets 1  (118 it, 0.4 s)
  L =  4.00  a_s = 89.500: dE = -1.1536e-02  C = 0.828 (axis 0.787)  droplets 1  (118 it, 0.4 s)
  L =  4.00  a_s = 89.550: dE = -1.0449e-02  C = 0.822 (axis 0.779)  droplets 1  (120 it, 0.4 s)
  L =  4.00  a_s = 89.600: dE = -9.3937e-03  C = 0.815 (axis 0.771)  droplets 1  (122 it, 0.4 s)
  L =  4.00  a_s = 89.650: dE = -8.3694e-03  C = 0.808 (axis 0.762)  droplets 1  (131 it, 0.4 s)
  L =  4.00  a_s = 89.700: dE = -7.3772e-03  C = 0.801 (axis 0.753)  droplets 1  (133 it, 0.4 s)
  L =  4.00  a_s = 89.750: dE = -6.4179e-03  C = 0.793 (axis 0.742)  droplets 1  (134 it, 0.4 s)
  L =  4.00  a_s = 89.800: dE = -5.4922e-03  C = 0.784 (axis 0.731)  droplets 1  (136 it, 0.4 s)
  L =  4.00  a_s = 89.850: dE = -4.6012e-03  C = 0.774 (axis 0.719)  droplets 1  (136 it, 0.4 s)
  L =  4.00  a_s = 89.900: dE = -3.7460e-03  C = 0.764 (axis 0.706)  droplets 1  (139 it, 0.4 s)
  L =  4.00  a_s = 89.950: dE = -2.9283e-03  C = 0.753 (axis 0.692)  droplets 1  (139 it, 0.4 s)
  L =  4.00  a_s = 90.000: dE = -2.1498e-03  C = 0.740 (axis 0.675)  droplets 1  (143 it, 0.5 s)
  L =  4.00  a_s = 90.050: dE = -1.4130e-03  C = 0.725 (axis 0.657)  droplets 1  (144 it, 0.4 s)
  L =  4.00  a_s = 90.100: dE = -7.2134e-04  C = 0.708 (axis 0.636)  droplets 1  (164 it, 0.5 s)
  L =  4.00  a_s = 90.150: dE = -7.9747e-05  C = 0.686 (axis 0.610)  droplets 1  (168 it, 0.5 s)
  L =  4.00  a_s = 90.200: dE = +5.0326e-04  C = 0.658 (axis 0.575)  droplets 1  (194 it, 0.6 s)
  L =  4.00  a_s = 90.250: dE = +1.0072e-03  C = 0.605 (axis 0.512)  droplets 1  (300 it, 0.9 s)
  L =  4.00  a_s = 90.300: dE = -6.9278e-14  C = 0.000 (axis 0.000)  droplets 0  (256 it, 0.8 s)
L = 4.0 (2.56 um): a* = 90.1568392072826, C(a*) = 0.6825141844130661, branch end in [90.25, 90.3]
  L =  4.50  a_s = 89.250: dE = -2.0378e-02  C = 0.886 (axis 0.859)  droplets 1  (219 it, 0.7 s)
  L =  4.50  a_s = 89.300: dE = -1.9040e-02  C = 0.882 (axis 0.854)  droplets 1  (121 it, 0.4 s)
  L =  4.50  a_s = 89.350: dE = -1.7731e-02  C = 0.878 (axis 0.849)  droplets 1  (121 it, 0.4 s)
  L =  4.50  a_s = 89.400: dE = -1.6452e-02  C = 0.873 (axis 0.843)  droplets 1  (121 it, 0.4 s)
  L =  4.50  a_s = 89.450: dE = -1.5202e-02  C = 0.869 (axis 0.837)  droplets 1  (122 it, 0.4 s)
  L =  4.50  a_s = 89.500: dE = -1.3982e-02  C = 0.864 (axis 0.831)  droplets 1  (122 it, 0.4 s)
  L =  4.50  a_s = 89.550: dE = -1.2792e-02  C = 0.858 (axis 0.825)  droplets 1  (122 it, 0.4 s)
  L =  4.50  a_s = 89.600: dE = -1.1632e-02  C = 0.853 (axis 0.818)  droplets 1  (123 it, 0.4 s)
  L =  4.50  a_s = 89.650: dE = -1.0503e-02  C = 0.847 (axis 0.810)  droplets 1  (123 it, 0.4 s)
  L =  4.50  a_s = 89.700: dE = -9.4057e-03  C = 0.841 (axis 0.803)  droplets 1  (125 it, 0.4 s)
  L =  4.50  a_s = 89.750: dE = -8.3398e-03  C = 0.834 (axis 0.794)  droplets 1  (136 it, 0.4 s)
  L =  4.50  a_s = 89.800: dE = -7.3062e-03  C = 0.827 (axis 0.785)  droplets 1  (137 it, 0.4 s)
  L =  4.50  a_s = 89.850: dE = -6.3055e-03  C = 0.820 (axis 0.776)  droplets 1  (139 it, 0.4 s)
  L =  4.50  a_s = 89.900: dE = -5.3386e-03  C = 0.812 (axis 0.765)  droplets 1  (140 it, 0.4 s)
  L =  4.50  a_s = 89.950: dE = -4.4062e-03  C = 0.803 (axis 0.754)  droplets 1  (141 it, 0.4 s)
  L =  4.50  a_s = 90.000: dE = -3.5096e-03  C = 0.793 (axis 0.742)  droplets 1  (142 it, 0.4 s)
  L =  4.50  a_s = 90.050: dE = -2.6502e-03  C = 0.782 (axis 0.728)  droplets 1  (143 it, 0.4 s)
  L =  4.50  a_s = 90.100: dE = -1.8295e-03  C = 0.770 (axis 0.713)  droplets 1  (144 it, 0.5 s)
  L =  4.50  a_s = 90.150: dE = -1.0499e-03  C = 0.757 (axis 0.696)  droplets 1  (148 it, 0.5 s)
  L =  4.50  a_s = 90.200: dE = -3.1439e-04  C = 0.741 (axis 0.676)  droplets 1  (166 it, 0.5 s)
  L =  4.50  a_s = 90.250: dE = +3.7265e-04  C = 0.722 (axis 0.652)  droplets 1  (171 it, 0.5 s)
  L =  4.50  a_s = 90.300: dE = +1.0040e-03  C = 0.697 (axis 0.621)  droplets 1  (181 it, 0.6 s)
  L =  4.50  a_s = 90.350: dE = +1.5639e-03  C = 0.656 (axis 0.571)  droplets 1  (230 it, 0.7 s)
  L =  4.50  a_s = 90.400: dE = -1.0303e-13  C = 0.000 (axis 0.000)  droplets 0  (299 it, 0.9 s)
L = 4.5 (2.88 um): a* = 90.22288021780106, C(a*) = 0.7322357892737351, branch end in [90.35, 90.4]
  L =  5.00  a_s = 89.250: dE = -1.3009e-02  C = 0.876 (axis 0.849)  droplets 1  (231 it, 0.7 s)
  L =  5.00  a_s = 89.300: dE = -1.1799e-02  C = 0.871 (axis 0.843)  droplets 1  (129 it, 0.4 s)
  L =  5.00  a_s = 89.350: dE = -1.0621e-02  C = 0.865 (axis 0.836)  droplets 1  (129 it, 0.4 s)
  L =  5.00  a_s = 89.400: dE = -9.4762e-03  C = 0.859 (axis 0.829)  droplets 1  (131 it, 0.4 s)
  L =  5.00  a_s = 89.450: dE = -8.3638e-03  C = 0.853 (axis 0.821)  droplets 1  (132 it, 0.4 s)
  L =  5.00  a_s = 89.500: dE = -7.2848e-03  C = 0.846 (axis 0.812)  droplets 1  (145 it, 0.5 s)
  L =  5.00  a_s = 89.550: dE = -6.2397e-03  C = 0.839 (axis 0.803)  droplets 1  (147 it, 0.5 s)
  L =  5.00  a_s = 89.600: dE = -5.2293e-03  C = 0.832 (axis 0.794)  droplets 1  (149 it, 0.5 s)
  L =  5.00  a_s = 89.650: dE = -4.2542e-03  C = 0.823 (axis 0.783)  droplets 1  (150 it, 0.5 s)
  L =  5.00  a_s = 89.700: dE = -3.3153e-03  C = 0.814 (axis 0.772)  droplets 1  (151 it, 0.5 s)
  L =  5.00  a_s = 89.750: dE = -2.4139e-03  C = 0.804 (axis 0.759)  droplets 1  (152 it, 0.5 s)
  L =  5.00  a_s = 89.800: dE = -1.5514e-03  C = 0.793 (axis 0.745)  droplets 1  (154 it, 0.5 s)
  L =  5.00  a_s = 89.850: dE = -7.2961e-04  C = 0.780 (axis 0.730)  droplets 1  (155 it, 0.5 s)
  L =  5.00  a_s = 89.900: dE = +4.9019e-05  C = 0.766 (axis 0.712)  droplets 1  (158 it, 0.5 s)
  L =  5.00  a_s = 89.950: dE = +7.8098e-04  C = 0.749 (axis 0.690)  droplets 1  (180 it, 0.6 s)
  L =  5.00  a_s = 90.000: dE = +1.4608e-03  C = 0.727 (axis 0.664)  droplets 1  (187 it, 0.6 s)
  L =  5.00  a_s = 90.050: dE = +2.0785e-03  C = 0.697 (axis 0.626)  droplets 1  (215 it, 0.7 s)
  L =  5.00  a_s = 90.100: dE = -1.6698e-13  C = 0.000 (axis 0.000)  droplets 0  (306 it, 1.0 s)
L = 5.0 (3.20 um): a* = 89.89685221797734, C(a*) = 0.7666995159858478, branch end in [90.05, 90.1]
  L =  5.50  a_s = 89.250: dE = -2.4265e-03  C = 0.810 (axis 0.780)  droplets 1  (262 it, 0.9 s)
  L =  5.50  a_s = 89.300: dE = -1.5587e-03  C = 0.799 (axis 0.767)  droplets 1  (160 it, 0.5 s)
  L =  5.50  a_s = 89.350: dE = -7.3001e-04  C = 0.787 (axis 0.753)  droplets 1  (162 it, 0.5 s)
  L =  5.50  a_s = 89.400: dE = +5.7761e-05  C = 0.773 (axis 0.737)  droplets 1  (167 it, 0.5 s)
  L =  5.50  a_s = 89.450: dE = +8.0230e-04  C = 0.758 (axis 0.719)  droplets 1  (171 it, 0.5 s)
  L =  5.50  a_s = 89.500: dE = +1.5002e-03  C = 0.739 (axis 0.697)  droplets 2  (177 it, 0.6 s)
  L =  5.50  a_s = 89.550: dE = +2.1459e-03  C = 0.716 (axis 0.669)  droplets 2  (195 it, 0.6 s)
  L =  5.50  a_s = 89.600: dE = +2.7284e-03  C = 0.681 (axis 0.627)  droplets 2  (238 it, 0.8 s)
  L =  5.50  a_s = 89.650: dE = -3.5527e-15  C = 0.000 (axis 0.000)  droplets 0  (217 it, 0.7 s)
L = 5.5 (3.53 um): a* = 89.39633391033374, C(a*) = 0.7742781957578587, branch end in [89.6, 89.65]
  L =  6.00  a_s = 89.250: dE = -8.8818e-15  C = 0.000 (axis 0.000)  droplets 0  (515 it, 1.7 s)
L = 6.0 (3.85 um): a* = None, C(a*) = None, branch end in [None, 89.25]
  L =  7.00  a_s = 89.250: dE = -2.8633e-03  C = 0.714 (axis 0.645)  droplets 2  (338 it, 1.1 s)
  L =  7.00  a_s = 89.300: dE = -2.1164e-03  C = 0.699 (axis 0.627)  droplets 2  (140 it, 0.5 s)
  L =  7.00  a_s = 89.350: dE = -1.4154e-03  C = 0.682 (axis 0.606)  droplets 2  (158 it, 0.5 s)
  L =  7.00  a_s = 89.400: dE = -7.6468e-04  C = 0.661 (axis 0.582)  droplets 2  (163 it, 0.5 s)
  L =  7.00  a_s = 89.450: dE = -1.7131e-04  C = 0.635 (axis 0.550)  droplets 2  (171 it, 0.6 s)
  L =  7.00  a_s = 89.500: dE = +3.5093e-04  C = 0.595 (axis 0.504)  droplets 2  (228 it, 0.8 s)
  L =  7.00  a_s = 89.550: dE = -4.7962e-14  C = 0.000 (axis 0.000)  droplets 0  (402 it, 1.4 s)
L = 7.0 (4.49 um): a* = 89.46640173417535, C(a*) = 0.6216417924064027, branch end in [89.5, 89.55]
  L =  8.00  a_s = 89.250: dE = -1.7420e-02  C = 0.855 (axis 0.821)  droplets 2  (399 it, 1.3 s)
  L =  8.00  a_s = 89.300: dE = -1.6184e-02  C = 0.850 (axis 0.815)  droplets 2  (116 it, 0.4 s)
  L =  8.00  a_s = 89.350: dE = -1.4978e-02  C = 0.845 (axis 0.809)  droplets 2  (117 it, 0.4 s)
  L =  8.00  a_s = 89.400: dE = -1.3801e-02  C = 0.840 (axis 0.802)  droplets 2  (117 it, 0.4 s)
  L =  8.00  a_s = 89.450: dE = -1.2653e-02  C = 0.834 (axis 0.795)  droplets 2  (118 it, 0.4 s)
  L =  8.00  a_s = 89.500: dE = -1.1536e-02  C = 0.828 (axis 0.787)  droplets 2  (118 it, 0.4 s)
  L =  8.00  a_s = 89.550: dE = -1.0449e-02  C = 0.822 (axis 0.779)  droplets 2  (119 it, 0.4 s)
  L =  8.00  a_s = 89.600: dE = -9.3937e-03  C = 0.815 (axis 0.771)  droplets 2  (122 it, 0.4 s)
  L =  8.00  a_s = 89.650: dE = -8.3694e-03  C = 0.808 (axis 0.762)  droplets 2  (132 it, 0.4 s)
  L =  8.00  a_s = 89.700: dE = -7.3772e-03  C = 0.801 (axis 0.753)  droplets 2  (134 it, 0.5 s)
  L =  8.00  a_s = 89.750: dE = -6.4179e-03  C = 0.793 (axis 0.742)  droplets 2  (135 it, 0.5 s)
  L =  8.00  a_s = 89.800: dE = -5.4922e-03  C = 0.784 (axis 0.731)  droplets 2  (137 it, 0.5 s)
  L =  8.00  a_s = 89.850: dE = -4.6012e-03  C = 0.774 (axis 0.719)  droplets 2  (138 it, 0.5 s)
  L =  8.00  a_s = 89.900: dE = -3.7460e-03  C = 0.764 (axis 0.706)  droplets 2  (139 it, 0.5 s)
  L =  8.00  a_s = 89.950: dE = -2.9283e-03  C = 0.753 (axis 0.692)  droplets 2  (141 it, 0.5 s)
  L =  8.00  a_s = 90.000: dE = -2.1498e-03  C = 0.740 (axis 0.675)  droplets 2  (143 it, 0.5 s)
  L =  8.00  a_s = 90.050: dE = -1.4130e-03  C = 0.725 (axis 0.657)  droplets 2  (145 it, 0.5 s)
  L =  8.00  a_s = 90.100: dE = -7.2134e-04  C = 0.708 (axis 0.636)  droplets 2  (165 it, 0.6 s)
  L =  8.00  a_s = 90.150: dE = -7.9747e-05  C = 0.686 (axis 0.610)  droplets 2  (169 it, 0.6 s)
  L =  8.00  a_s = 90.200: dE = +5.0326e-04  C = 0.658 (axis 0.575)  droplets 2  (195 it, 0.7 s)
  L =  8.00  a_s = 90.250: dE = +1.0072e-03  C = 0.605 (axis 0.512)  droplets 2  (290 it, 1.0 s)
  L =  8.00  a_s = 90.300: dE = -6.0396e-14  C = 0.000 (axis 0.000)  droplets 0  (257 it, 0.9 s)
L = 8.0 (5.13 um): a* = 90.15683920728405, C(a*) = 0.6825141844180238, branch end in [90.25, 90.3]

n = 6250/um: a* = 90.223 a0 at L = 4.5 l (2.88 um), a* - a_rot* = +0.393 a0, C(a*) = 0.732, crystal branch ends in [90.35, 90.4] a0 (116 s)
wrote C:\Users\kyost\Desktop\git\qs\results\tube_first_order_6250_dx0.25.json
