n = 6250/um, dx = 0.25, L_perp = 30.0, a_rot* = 89.83 a0; uniform states 20 s
  L =  4.25  a_s = 89.750: dE = -8.5696e-03  C = 0.822 (axis 0.780)  droplets 1  (255 it, 0.8 s)
  L =  4.25  a_s = 89.775: dE = -8.0569e-03  C = 0.819 (axis 0.776)  droplets 1  (131 it, 0.4 s)
  L =  4.25  a_s = 89.800: dE = -7.5522e-03  C = 0.815 (axis 0.771)  droplets 1  (132 it, 0.4 s)
  L =  4.25  a_s = 89.825: dE = -7.0557e-03  C = 0.811 (axis 0.766)  droplets 1  (132 it, 0.4 s)
  L =  4.25  a_s = 89.850: dE = -6.5674e-03  C = 0.807 (axis 0.761)  droplets 1  (133 it, 0.4 s)
  L =  4.25  a_s = 89.875: dE = -6.0874e-03  C = 0.803 (axis 0.756)  droplets 1  (134 it, 0.4 s)
  L =  4.25  a_s = 89.900: dE = -5.6159e-03  C = 0.799 (axis 0.751)  droplets 1  (146 it, 0.4 s)
  L =  4.25  a_s = 89.925: dE = -5.1529e-03  C = 0.795 (axis 0.745)  droplets 1  (147 it, 0.4 s)
  L =  4.25  a_s = 89.950: dE = -4.6986e-03  C = 0.790 (axis 0.739)  droplets 1  (149 it, 0.4 s)
  L =  4.25  a_s = 89.975: dE = -4.2532e-03  C = 0.785 (axis 0.733)  droplets 1  (151 it, 0.4 s)
  L =  4.25  a_s = 90.000: dE = -3.8167e-03  C = 0.780 (axis 0.727)  droplets 1  (151 it, 0.4 s)
  L =  4.25  a_s = 90.025: dE = -3.3895e-03  C = 0.775 (axis 0.720)  droplets 1  (152 it, 0.4 s)
  L =  4.25  a_s = 90.050: dE = -2.9716e-03  C = 0.769 (axis 0.713)  droplets 1  (154 it, 0.5 s)
  L =  4.25  a_s = 90.075: dE = -2.5633e-03  C = 0.763 (axis 0.706)  droplets 1  (155 it, 0.4 s)
  L =  4.25  a_s = 90.100: dE = -2.1649e-03  C = 0.757 (axis 0.698)  droplets 1  (157 it, 0.5 s)
  L =  4.25  a_s = 90.125: dE = -1.7767e-03  C = 0.750 (axis 0.690)  droplets 1  (158 it, 0.5 s)
  L =  4.25  a_s = 90.150: dE = -1.3989e-03  C = 0.743 (axis 0.681)  droplets 1  (160 it, 0.6 s)
  L =  4.25  a_s = 90.175: dE = -1.0321e-03  C = 0.736 (axis 0.671)  droplets 1  (162 it, 0.5 s)
  L =  4.25  a_s = 90.200: dE = -6.7657e-04  C = 0.727 (axis 0.661)  droplets 1  (163 it, 0.5 s)
  L =  4.25  a_s = 90.225: dE = -3.3303e-04  C = 0.718 (axis 0.649)  droplets 1  (165 it, 0.5 s)
  L =  4.25  a_s = 90.250: dE = -2.1770e-06  C = 0.708 (axis 0.637)  droplets 1  (168 it, 0.5 s)
  L =  4.25  a_s = 90.275: dE = +3.1504e-04  C = 0.697 (axis 0.622)  droplets 1  (190 it, 0.5 s)
  L =  4.25  a_s = 90.300: dE = +6.1731e-04  C = 0.683 (axis 0.606)  droplets 1  (194 it, 0.5 s)
  L =  4.25  a_s = 90.325: dE = +9.0266e-04  C = 0.667 (axis 0.586)  droplets 1  (201 it, 0.6 s)
  L =  4.25  a_s = 90.350: dE = +1.1676e-03  C = 0.644 (axis 0.558)  droplets 1  (239 it, 0.7 s)
  L =  4.25  a_s = 90.375: dE = -1.6875e-13  C = 0.000 (axis 0.000)  droplets 0  (301 it, 0.9 s)
L = 4.25 (2.72 um): crossing a* = 90.25017156941368, C(a*) = 0.7080810195841485, droplets/cell 1, branch end in [90.35, 90.375]

n = 6250/um (crossing, 1 droplet(s) per cell): a* = 90.250 a0 at L = 4.25 l (2.72 um), a* - a_rot* = +0.420 a0, C(a*) = 0.708, crystal branch ends in [90.35, 90.375] a0 (39 s)
wrote results\tube_first_order_6250_Lp30.json
