n = 2500/um, dx = 0.25, L_perp = 24.0, a_rot* = 92.32 a0; uniform states 13 s
  L =  4.20  a_s = 91.750: dE = -1.7918e-03  C = 0.485 (axis 0.501)  droplets 1  (253 it, 0.9 s)
  L =  4.20  a_s = 91.800: dE = -1.4740e-03  C = 0.465 (axis 0.480)  droplets 1  (166 it, 0.6 s)
  L =  4.20  a_s = 91.850: dE = -1.1871e-03  C = 0.443 (axis 0.458)  droplets 1  (170 it, 0.6 s)
  L =  4.20  a_s = 91.900: dE = -9.3104e-04  C = 0.420 (axis 0.434)  droplets 1  (176 it, 0.6 s)
  L =  4.20  a_s = 91.950: dE = -7.0595e-04  C = 0.394 (axis 0.407)  droplets 1  (178 it, 0.6 s)
  L =  4.20  a_s = 92.000: dE = -5.1183e-04  C = 0.366 (axis 0.378)  droplets 1  (183 it, 0.6 s)
  L =  4.20  a_s = 92.050: dE = -3.4874e-04  C = 0.334 (axis 0.346)  droplets 1  (192 it, 0.6 s)
  L =  4.20  a_s = 92.100: dE = -2.1674e-04  C = 0.299 (axis 0.309)  droplets 1  (194 it, 0.6 s)
  L =  4.20  a_s = 92.150: dE = -1.1591e-04  C = 0.257 (axis 0.266)  droplets 1  (210 it, 0.7 s)
  L =  4.20  a_s = 92.200: dE = -4.6327e-05  C = 0.206 (axis 0.213)  droplets 1  (243 it, 0.8 s)
  L =  4.20  a_s = 92.250: dE = -8.0785e-06  C = 0.134 (axis 0.138)  droplets 1  (355 it, 1.2 s)
  L =  4.20  a_s = 92.300: dE = -4.5297e-14  C = 0.000 (axis 0.000)  droplets 0  (701 it, 2.3 s)
L = 4.2 (2.69 um): a* = None, C(a*) = None, branch end in [92.25, 92.3]
  L =  4.35  a_s = 91.750: dE = -2.0518e-03  C = 0.505 (axis 0.519)  droplets 1  (249 it, 0.8 s)
  L =  4.35  a_s = 91.800: dE = -1.7072e-03  C = 0.485 (axis 0.499)  droplets 1  (167 it, 0.5 s)
  L =  4.35  a_s = 91.850: dE = -1.3941e-03  C = 0.464 (axis 0.477)  droplets 1  (168 it, 0.6 s)
  L =  4.35  a_s = 91.900: dE = -1.1126e-03  C = 0.441 (axis 0.454)  droplets 1  (172 it, 0.6 s)
  L =  4.35  a_s = 91.950: dE = -8.6260e-04  C = 0.417 (axis 0.429)  droplets 1  (177 it, 0.6 s)
  L =  4.35  a_s = 92.000: dE = -6.4424e-04  C = 0.390 (axis 0.401)  droplets 1  (180 it, 0.6 s)
  L =  4.35  a_s = 92.050: dE = -4.5755e-04  C = 0.360 (axis 0.371)  droplets 1  (187 it, 0.6 s)
  L =  4.35  a_s = 92.100: dE = -3.0260e-04  C = 0.327 (axis 0.336)  droplets 1  (192 it, 0.6 s)
  L =  4.35  a_s = 92.150: dE = -1.7947e-04  C = 0.289 (axis 0.297)  droplets 1  (199 it, 0.6 s)
  L =  4.35  a_s = 92.200: dE = -8.8236e-05  C = 0.243 (axis 0.250)  droplets 1  (234 it, 0.8 s)
  L =  4.35  a_s = 92.250: dE = -2.9004e-05  C = 0.185 (axis 0.191)  droplets 1  (273 it, 0.9 s)
  L =  4.35  a_s = 92.300: dE = -1.8837e-06  C = 0.094 (axis 0.097)  droplets 1  (464 it, 1.5 s)
  L =  4.35  a_s = 92.350: dE = +4.4409e-15  C = 0.000 (axis 0.000)  droplets 0  (362 it, 1.2 s)
L = 4.35 (2.79 um): a* = None, C(a*) = None, branch end in [92.3, 92.35]
  L =  4.50  a_s = 91.750: dE = -2.0639e-03  C = 0.513 (axis 0.525)  droplets 1  (254 it, 0.8 s)
  L =  4.50  a_s = 91.800: dE = -1.7143e-03  C = 0.493 (axis 0.504)  droplets 1  (167 it, 0.5 s)
  L =  4.50  a_s = 91.850: dE = -1.3970e-03  C = 0.471 (axis 0.483)  droplets 1  (171 it, 0.6 s)
  L =  4.50  a_s = 91.900: dE = -1.1120e-03  C = 0.448 (axis 0.459)  droplets 1  (173 it, 0.5 s)
  L =  4.50  a_s = 91.950: dE = -8.5925e-04  C = 0.423 (axis 0.433)  droplets 1  (177 it, 0.6 s)
  L =  4.50  a_s = 92.000: dE = -6.3890e-04  C = 0.395 (axis 0.405)  droplets 1  (181 it, 0.6 s)
  L =  4.50  a_s = 92.050: dE = -4.5099e-04  C = 0.365 (axis 0.374)  droplets 1  (186 it, 0.6 s)
  L =  4.50  a_s = 92.100: dE = -2.9558e-04  C = 0.330 (axis 0.338)  droplets 1  (196 it, 0.6 s)
  L =  4.50  a_s = 92.150: dE = -1.7276e-04  C = 0.291 (axis 0.298)  droplets 1  (199 it, 0.7 s)
  L =  4.50  a_s = 92.200: dE = -8.2640e-05  C = 0.243 (axis 0.249)  droplets 1  (233 it, 0.8 s)
  L =  4.50  a_s = 92.250: dE = -2.5321e-05  C = 0.182 (axis 0.187)  droplets 1  (309 it, 1.0 s)
  L =  4.50  a_s = 92.300: dE = -9.3599e-07  C = 0.081 (axis 0.082)  droplets 1  (560 it, 1.9 s)
  L =  4.50  a_s = 92.350: dE = -1.7764e-14  C = 0.000 (axis 0.000)  droplets 0  (310 it, 1.1 s)
L = 4.5 (2.88 um): a* = None, C(a*) = None, branch end in [92.3, 92.35]
  L =  4.65  a_s = 91.750: dE = -1.8462e-03  C = 0.502 (axis 0.513)  droplets 1  (268 it, 0.9 s)
  L =  4.65  a_s = 91.800: dE = -1.5124e-03  C = 0.481 (axis 0.491)  droplets 1  (170 it, 0.6 s)
  L =  4.65  a_s = 91.850: dE = -1.2117e-03  C = 0.458 (axis 0.468)  droplets 1  (174 it, 0.6 s)
  L =  4.65  a_s = 91.900: dE = -9.4408e-04  C = 0.433 (axis 0.443)  droplets 1  (177 it, 0.6 s)
  L =  4.65  a_s = 91.950: dE = -7.0964e-04  C = 0.406 (axis 0.415)  droplets 1  (183 it, 0.6 s)
  L =  4.65  a_s = 92.000: dE = -5.0844e-04  C = 0.376 (axis 0.384)  droplets 1  (184 it, 0.6 s)
  L =  4.65  a_s = 92.050: dE = -3.4054e-04  C = 0.342 (axis 0.350)  droplets 1  (193 it, 0.7 s)
  L =  4.65  a_s = 92.100: dE = -2.0605e-04  C = 0.304 (axis 0.311)  droplets 1  (199 it, 0.7 s)
  L =  4.65  a_s = 92.150: dE = -1.0506e-04  C = 0.259 (axis 0.264)  droplets 1  (234 it, 0.8 s)
  L =  4.65  a_s = 92.200: dE = -3.7695e-05  C = 0.201 (axis 0.206)  droplets 1  (259 it, 0.9 s)
  L =  4.65  a_s = 92.250: dE = -4.0925e-06  C = 0.116 (axis 0.119)  droplets 1  (420 it, 1.4 s)
  L =  4.65  a_s = 92.300: dE = +3.1974e-14  C = 0.000 (axis 0.000)  droplets 0  (458 it, 1.5 s)
L = 4.65 (2.98 um): a* = None, C(a*) = None, branch end in [92.25, 92.3]
  L =  4.80  a_s = 91.750: dE = -1.4533e-03  C = 0.479 (axis 0.489)  droplets 1  (275 it, 0.9 s)
  L =  4.80  a_s = 91.800: dE = -1.1551e-03  C = 0.456 (axis 0.465)  droplets 1  (179 it, 0.6 s)
  L =  4.80  a_s = 91.850: dE = -8.9093e-04  C = 0.430 (axis 0.439)  droplets 1  (183 it, 0.6 s)
  L =  4.80  a_s = 91.900: dE = -6.6084e-04  C = 0.402 (axis 0.410)  droplets 1  (186 it, 0.7 s)
  L =  4.80  a_s = 91.950: dE = -4.6487e-04  C = 0.371 (axis 0.378)  droplets 1  (191 it, 0.7 s)
  L =  4.80  a_s = 92.000: dE = -3.0313e-04  C = 0.335 (axis 0.342)  droplets 1  (198 it, 0.7 s)
  L =  4.80  a_s = 92.050: dE = -1.7570e-04  C = 0.295 (axis 0.300)  droplets 1  (206 it, 0.7 s)
  L =  4.80  a_s = 92.100: dE = -8.2699e-05  C = 0.246 (axis 0.250)  droplets 1  (240 it, 0.8 s)
  L =  4.80  a_s = 92.150: dE = -2.4269e-05  C = 0.182 (axis 0.186)  droplets 1  (286 it, 1.0 s)
  L =  4.80  a_s = 92.200: dE = -5.6501e-07  C = 0.072 (axis 0.073)  droplets 1  (661 it, 2.3 s)
  L =  4.80  a_s = 92.250: dE = +1.2434e-14  C = 0.000 (axis 0.000)  droplets 0  (285 it, 1.0 s)
L = 4.8 (3.08 um): a* = None, C(a*) = None, branch end in [92.2, 92.25]
  L =  5.50  a_s = 91.750: dE = +5.3291e-15  C = 0.000 (axis 0.000)  droplets 0  (684 it, 2.5 s)
L = 5.5 (3.53 um): a* = None, C(a*) = None, branch end in [None, 91.75]
  L =  6.50  a_s = 91.750: dE = +9.7700e-15  C = 0.000 (axis 0.000)  droplets 0  (250 it, 1.0 s)
L = 6.5 (4.17 um): a* = None, C(a*) = None, branch end in [None, 91.75]
wrote C:\Users\kyost\Desktop\git\qs\results\tube_first_order_2500_dx0.25.json
