n = 700/um, dx = 0.25, L_perp = 16.0, a_rot* = 84.5 a0; uniform states 18 s
  L =  8.00  a_s = 84.250: dE = -1.5902e-02  C = 0.932 (axis 0.946)  droplets 1  (134 it, 0.5 s)
  L =  8.00  a_s = 84.300: dE = -1.3145e-02  C = 0.928 (axis 0.944)  droplets 1  (103 it, 0.3 s)
  L =  8.00  a_s = 84.350: dE = -1.0492e-02  C = 0.924 (axis 0.941)  droplets 1  (106 it, 0.4 s)
  L =  8.00  a_s = 84.400: dE = -7.9448e-03  C = 0.920 (axis 0.938)  droplets 1  (108 it, 0.3 s)
  L =  8.00  a_s = 84.450: dE = -5.5068e-03  C = 0.915 (axis 0.934)  droplets 1  (110 it, 0.4 s)
  L =  8.00  a_s = 84.500: dE = -3.1811e-03  C = 0.910 (axis 0.930)  droplets 1  (113 it, 0.4 s)
  L =  8.00  a_s = 84.550: dE = -9.7185e-04  C = 0.904 (axis 0.926)  droplets 1  (118 it, 0.4 s)
  L =  8.00  a_s = 84.600: dE = +1.1156e-03  C = 0.897 (axis 0.921)  droplets 1  (126 it, 0.4 s)
  L =  8.00  a_s = 84.650: dE = +3.0739e-03  C = 0.889 (axis 0.915)  droplets 1  (133 it, 0.4 s)
  L =  8.00  a_s = 84.700: dE = +4.8929e-03  C = 0.880 (axis 0.908)  droplets 1  (145 it, 0.5 s)
  L =  8.00  a_s = 84.750: dE = +6.5554e-03  C = 0.867 (axis 0.899)  droplets 1  (164 it, 0.5 s)
  L =  8.00  a_s = 84.800: dE = +8.0264e-03  C = 0.846 (axis 0.883)  droplets 1  (205 it, 0.7 s)
  L =  8.00  a_s = 84.850: dE = -2.0872e-14  C = 0.000 (axis 0.000)  droplets 0  (164 it, 0.5 s)
L = 8 (5.13 um): a* = 84.57327892731576, C(a*) = 0.9009805195461948, branch end in [84.8, 84.85]
  L = 12.00  a_s = 84.250: dE = -2.6997e-02  C = 0.955 (axis 0.963)  droplets 1  (172 it, 0.6 s)
  L = 12.00  a_s = 84.300: dE = -2.4474e-02  C = 0.953 (axis 0.961)  droplets 1  (94 it, 0.3 s)
  L = 12.00  a_s = 84.350: dE = -2.2033e-02  C = 0.950 (axis 0.959)  droplets 1  (95 it, 0.3 s)
  L = 12.00  a_s = 84.400: dE = -1.9673e-02  C = 0.948 (axis 0.958)  droplets 1  (102 it, 0.3 s)
  L = 12.00  a_s = 84.450: dE = -1.7394e-02  C = 0.945 (axis 0.956)  droplets 1  (104 it, 0.4 s)
  L = 12.00  a_s = 84.500: dE = -1.5196e-02  C = 0.942 (axis 0.953)  droplets 1  (104 it, 0.4 s)
  L = 12.00  a_s = 84.550: dE = -1.3081e-02  C = 0.939 (axis 0.951)  droplets 1  (103 it, 0.3 s)
  L = 12.00  a_s = 84.600: dE = -1.1047e-02  C = 0.936 (axis 0.949)  droplets 1  (107 it, 0.4 s)
  L = 12.00  a_s = 84.650: dE = -9.0972e-03  C = 0.932 (axis 0.946)  droplets 1  (109 it, 0.4 s)
  L = 12.00  a_s = 84.700: dE = -7.2310e-03  C = 0.928 (axis 0.943)  droplets 1  (110 it, 0.4 s)
  L = 12.00  a_s = 84.750: dE = -5.4500e-03  C = 0.924 (axis 0.940)  droplets 1  (113 it, 0.4 s)
  L = 12.00  a_s = 84.800: dE = -3.7558e-03  C = 0.919 (axis 0.936)  droplets 1  (114 it, 0.4 s)
  L = 12.00  a_s = 84.850: dE = -2.1504e-03  C = 0.913 (axis 0.932)  droplets 1  (116 it, 0.4 s)
  L = 12.00  a_s = 84.900: dE = -6.3675e-04  C = 0.907 (axis 0.927)  droplets 1  (119 it, 0.4 s)
  L = 12.00  a_s = 84.950: dE = +7.8124e-04  C = 0.899 (axis 0.921)  droplets 1  (122 it, 0.4 s)
  L = 12.00  a_s = 85.000: dE = +2.0977e-03  C = 0.890 (axis 0.914)  droplets 1  (125 it, 0.5 s)
  L = 12.00  a_s = 85.050: dE = +3.3035e-03  C = 0.878 (axis 0.905)  droplets 1  (141 it, 0.5 s)
  L = 12.00  a_s = 85.100: dE = +4.3810e-03  C = 0.861 (axis 0.892)  droplets 1  (162 it, 0.5 s)
  L = 12.00  a_s = 85.150: dE = +2.1760e-14  C = 0.000 (axis 0.000)  droplets 0  (240 it, 0.8 s)
L = 12 (7.69 um): a* = 84.92245262408852, C(a*) = 0.9031795601290914, branch end in [85.1, 85.15]
  L = 16.00  a_s = 84.250: dE = -2.6502e-02  C = 0.961 (axis 0.967)  droplets 1  (187 it, 0.7 s)
  L = 16.00  a_s = 84.300: dE = -2.4285e-02  C = 0.959 (axis 0.966)  droplets 1  (109 it, 0.4 s)
  L = 16.00  a_s = 84.350: dE = -2.2139e-02  C = 0.957 (axis 0.964)  droplets 1  (108 it, 0.4 s)
  L = 16.00  a_s = 84.400: dE = -2.0064e-02  C = 0.955 (axis 0.963)  droplets 1  (108 it, 0.4 s)
  L = 16.00  a_s = 84.450: dE = -1.8058e-02  C = 0.953 (axis 0.961)  droplets 1  (107 it, 0.4 s)
  L = 16.00  a_s = 84.500: dE = -1.6123e-02  C = 0.950 (axis 0.959)  droplets 1  (107 it, 0.4 s)
  L = 16.00  a_s = 84.550: dE = -1.4257e-02  C = 0.948 (axis 0.957)  droplets 1  (107 it, 0.4 s)
  L = 16.00  a_s = 84.600: dE = -1.2461e-02  C = 0.945 (axis 0.955)  droplets 1  (107 it, 0.4 s)
  L = 16.00  a_s = 84.650: dE = -1.0735e-02  C = 0.942 (axis 0.953)  droplets 1  (107 it, 0.4 s)
  L = 16.00  a_s = 84.700: dE = -9.0797e-03  C = 0.939 (axis 0.951)  droplets 1  (108 it, 0.4 s)
  L = 16.00  a_s = 84.750: dE = -7.4946e-03  C = 0.935 (axis 0.948)  droplets 1  (110 it, 0.4 s)
  L = 16.00  a_s = 84.800: dE = -5.9806e-03  C = 0.932 (axis 0.945)  droplets 1  (109 it, 0.4 s)
  L = 16.00  a_s = 84.850: dE = -4.5386e-03  C = 0.927 (axis 0.942)  droplets 1  (111 it, 0.4 s)
  L = 16.00  a_s = 84.900: dE = -3.1698e-03  C = 0.923 (axis 0.939)  droplets 1  (115 it, 0.4 s)
  L = 16.00  a_s = 84.950: dE = -1.8756e-03  C = 0.917 (axis 0.935)  droplets 1  (116 it, 0.4 s)
  L = 16.00  a_s = 85.000: dE = -6.5843e-04  C = 0.911 (axis 0.930)  droplets 1  (117 it, 0.4 s)
  L = 16.00  a_s = 85.050: dE = +4.7857e-04  C = 0.904 (axis 0.925)  droplets 1  (127 it, 0.4 s)
  L = 16.00  a_s = 85.100: dE = +1.5305e-03  C = 0.895 (axis 0.918)  droplets 1  (128 it, 0.4 s)
  L = 16.00  a_s = 85.150: dE = +2.4892e-03  C = 0.883 (axis 0.909)  droplets 1  (134 it, 0.5 s)
  L = 16.00  a_s = 85.200: dE = +3.3380e-03  C = 0.865 (axis 0.895)  droplets 1  (170 it, 0.6 s)
  L = 16.00  a_s = 85.250: dE = +3.1086e-15  C = 0.000 (axis 0.000)  droplets 0  (240 it, 0.8 s)
L = 16 (10.26 um): a* = 85.02895452577035, C(a*) = 0.9066687453761153, branch end in [85.2, 85.25]
  L = 20.00  a_s = 84.250: dE = -2.4629e-02  C = 0.964 (axis 0.969)  droplets 1  (207 it, 0.8 s)
  L = 20.00  a_s = 84.300: dE = -2.2682e-02  C = 0.962 (axis 0.968)  droplets 1  (118 it, 0.4 s)
  L = 20.00  a_s = 84.350: dE = -2.0796e-02  C = 0.960 (axis 0.967)  droplets 1  (122 it, 0.4 s)
  L = 20.00  a_s = 84.400: dE = -1.8970e-02  C = 0.959 (axis 0.965)  droplets 1  (122 it, 0.4 s)
  L = 20.00  a_s = 84.450: dE = -1.7204e-02  C = 0.957 (axis 0.964)  droplets 1  (122 it, 0.4 s)
  L = 20.00  a_s = 84.500: dE = -1.5498e-02  C = 0.954 (axis 0.962)  droplets 1  (121 it, 0.5 s)
  L = 20.00  a_s = 84.550: dE = -1.3852e-02  C = 0.952 (axis 0.960)  droplets 1  (120 it, 0.5 s)
  L = 20.00  a_s = 84.600: dE = -1.2266e-02  C = 0.950 (axis 0.959)  droplets 1  (121 it, 0.4 s)
  L = 20.00  a_s = 84.650: dE = -1.0739e-02  C = 0.947 (axis 0.957)  droplets 1  (121 it, 0.5 s)
  L = 20.00  a_s = 84.700: dE = -9.2714e-03  C = 0.944 (axis 0.955)  droplets 1  (119 it, 0.4 s)
  L = 20.00  a_s = 84.750: dE = -7.8639e-03  C = 0.941 (axis 0.952)  droplets 1  (119 it, 0.4 s)
  L = 20.00  a_s = 84.800: dE = -6.5162e-03  C = 0.938 (axis 0.950)  droplets 1  (117 it, 0.5 s)
  L = 20.00  a_s = 84.850: dE = -5.2287e-03  C = 0.934 (axis 0.947)  droplets 1  (124 it, 0.5 s)
  L = 20.00  a_s = 84.900: dE = -4.0021e-03  C = 0.930 (axis 0.944)  droplets 1  (124 it, 0.5 s)
  L = 20.00  a_s = 84.950: dE = -2.8372e-03  C = 0.926 (axis 0.941)  droplets 1  (124 it, 0.5 s)
  L = 20.00  a_s = 85.000: dE = -1.7350e-03  C = 0.921 (axis 0.937)  droplets 1  (124 it, 0.5 s)
  L = 20.00  a_s = 85.050: dE = -6.9716e-04  C = 0.915 (axis 0.933)  droplets 1  (125 it, 0.5 s)
  L = 20.00  a_s = 85.100: dE = +2.7391e-04  C = 0.908 (axis 0.928)  droplets 1  (128 it, 0.5 s)
  L = 20.00  a_s = 85.150: dE = +1.1747e-03  C = 0.900 (axis 0.922)  droplets 1  (136 it, 0.5 s)
  L = 20.00  a_s = 85.200: dE = +1.9997e-03  C = 0.889 (axis 0.914)  droplets 1  (140 it, 0.5 s)
  L = 20.00  a_s = 85.250: dE = +2.7380e-03  C = 0.874 (axis 0.902)  droplets 1  (161 it, 0.6 s)
  L = 20.00  a_s = 85.300: dE = +0.0000e+00  C = 0.000 (axis 0.000)  droplets 0  (292 it, 1.0 s)
L = 20 (12.82 um): a* = 85.08589655243026, C(a*) = 0.9098970812756216, branch end in [85.25, 85.3]
  L = 24.00  a_s = 84.250: dE = -2.2611e-02  C = 0.966 (axis 0.970)  droplets 1  (221 it, 0.8 s)
  L = 24.00  a_s = 84.300: dE = -2.0889e-02  C = 0.964 (axis 0.969)  droplets 1  (136 it, 0.5 s)
  L = 24.00  a_s = 84.350: dE = -1.9220e-02  C = 0.963 (axis 0.968)  droplets 1  (136 it, 0.5 s)
  L = 24.00  a_s = 84.400: dE = -1.7604e-02  C = 0.961 (axis 0.967)  droplets 1  (134 it, 0.5 s)
  L = 24.00  a_s = 84.450: dE = -1.6040e-02  C = 0.959 (axis 0.965)  droplets 1  (133 it, 0.6 s)
  L = 24.00  a_s = 84.500: dE = -1.4528e-02  C = 0.957 (axis 0.964)  droplets 1  (134 it, 0.5 s)
  L = 24.00  a_s = 84.550: dE = -1.3069e-02  C = 0.955 (axis 0.962)  droplets 1  (133 it, 0.5 s)
  L = 24.00  a_s = 84.600: dE = -1.1661e-02  C = 0.953 (axis 0.960)  droplets 1  (132 it, 0.5 s)
  L = 24.00  a_s = 84.650: dE = -1.0304e-02  C = 0.950 (axis 0.959)  droplets 1  (131 it, 0.5 s)
  L = 24.00  a_s = 84.700: dE = -8.9996e-03  C = 0.947 (axis 0.957)  droplets 1  (131 it, 0.5 s)
  L = 24.00  a_s = 84.750: dE = -7.7463e-03  C = 0.945 (axis 0.955)  droplets 1  (130 it, 0.5 s)
  L = 24.00  a_s = 84.800: dE = -6.5445e-03  C = 0.942 (axis 0.952)  droplets 1  (129 it, 0.5 s)
  L = 24.00  a_s = 84.850: dE = -5.3944e-03  C = 0.938 (axis 0.950)  droplets 1  (129 it, 0.5 s)
  L = 24.00  a_s = 84.900: dE = -4.2964e-03  C = 0.935 (axis 0.947)  droplets 1  (128 it, 0.5 s)
  L = 24.00  a_s = 84.950: dE = -3.2509e-03  C = 0.931 (axis 0.944)  droplets 1  (127 it, 0.5 s)
  L = 24.00  a_s = 85.000: dE = -2.2585e-03  C = 0.926 (axis 0.941)  droplets 1  (127 it, 0.5 s)
  L = 24.00  a_s = 85.050: dE = -1.3203e-03  C = 0.921 (axis 0.937)  droplets 1  (133 it, 0.7 s)
  L = 24.00  a_s = 85.100: dE = -4.3760e-04  C = 0.915 (axis 0.933)  droplets 1  (135 it, 0.6 s)
  L = 24.00  a_s = 85.150: dE = +3.8752e-04  C = 0.908 (axis 0.928)  droplets 1  (136 it, 0.6 s)
  L = 24.00  a_s = 85.200: dE = +1.1520e-03  C = 0.900 (axis 0.922)  droplets 1  (146 it, 0.7 s)
  L = 24.00  a_s = 85.250: dE = +1.8510e-03  C = 0.889 (axis 0.914)  droplets 1  (149 it, 0.8 s)
  L = 24.00  a_s = 85.300: dE = +2.4747e-03  C = 0.874 (axis 0.902)  droplets 1  (167 it, 0.8 s)
  L = 24.00  a_s = 85.350: dE = -1.9984e-14  C = 0.000 (axis 0.000)  droplets 0  (278 it, 1.3 s)
L = 24 (15.38 um): a* = 85.12651754665656, C(a*) = 0.911482423543382, branch end in [85.3, 85.35]
  L = 32.00  a_s = 84.250: dE = -1.9032e-02  C = 0.968 (axis 0.972)  droplets 1  (312 it, 1.7 s)
  L = 32.00  a_s = 84.300: dE = -1.7644e-02  C = 0.967 (axis 0.971)  droplets 1  (179 it, 1.0 s)
  L = 32.00  a_s = 84.350: dE = -1.6299e-02  C = 0.965 (axis 0.969)  droplets 1  (176 it, 1.0 s)
  L = 32.00  a_s = 84.400: dE = -1.4995e-02  C = 0.964 (axis 0.968)  droplets 1  (176 it, 0.9 s)
  L = 32.00  a_s = 84.450: dE = -1.3732e-02  C = 0.962 (axis 0.967)  droplets 1  (171 it, 0.9 s)
  L = 32.00  a_s = 84.500: dE = -1.2512e-02  C = 0.960 (axis 0.966)  droplets 1  (170 it, 0.9 s)
  L = 32.00  a_s = 84.550: dE = -1.1332e-02  C = 0.958 (axis 0.964)  droplets 1  (163 it, 0.9 s)
  L = 32.00  a_s = 84.600: dE = -1.0193e-02  C = 0.956 (axis 0.963)  droplets 1  (162 it, 0.9 s)
  L = 32.00  a_s = 84.650: dE = -9.0952e-03  C = 0.954 (axis 0.961)  droplets 1  (160 it, 0.9 s)
  L = 32.00  a_s = 84.700: dE = -8.0377e-03  C = 0.951 (axis 0.959)  droplets 1  (158 it, 0.8 s)
  L = 32.00  a_s = 84.750: dE = -7.0207e-03  C = 0.949 (axis 0.957)  droplets 1  (156 it, 0.8 s)
  L = 32.00  a_s = 84.800: dE = -6.0441e-03  C = 0.946 (axis 0.955)  droplets 1  (150 it, 0.8 s)
  L = 32.00  a_s = 84.850: dE = -5.1079e-03  C = 0.943 (axis 0.953)  droplets 1  (154 it, 0.8 s)
  L = 32.00  a_s = 84.900: dE = -4.2123e-03  C = 0.940 (axis 0.951)  droplets 1  (148 it, 0.8 s)
  L = 32.00  a_s = 84.950: dE = -3.3573e-03  C = 0.936 (axis 0.948)  droplets 1  (146 it, 0.8 s)
  L = 32.00  a_s = 85.000: dE = -2.5434e-03  C = 0.932 (axis 0.945)  droplets 1  (145 it, 0.8 s)
  L = 32.00  a_s = 85.050: dE = -1.7710e-03  C = 0.928 (axis 0.942)  droplets 1  (144 it, 0.8 s)
  L = 32.00  a_s = 85.100: dE = -1.0408e-03  C = 0.923 (axis 0.938)  droplets 1  (142 it, 0.8 s)
  L = 32.00  a_s = 85.150: dE = -3.5377e-04  C = 0.917 (axis 0.934)  droplets 1  (140 it, 0.9 s)
  L = 32.00  a_s = 85.200: dE = +2.8857e-04  C = 0.910 (axis 0.929)  droplets 1  (141 it, 0.8 s)
  L = 32.00  a_s = 85.250: dE = +8.8399e-04  C = 0.902 (axis 0.923)  droplets 1  (141 it, 0.8 s)
  L = 32.00  a_s = 85.300: dE = +1.4289e-03  C = 0.892 (axis 0.915)  droplets 1  (142 it, 0.9 s)
  L = 32.00  a_s = 85.350: dE = +1.9163e-03  C = 0.877 (axis 0.904)  droplets 1  (165 it, 0.8 s)
  L = 32.00  a_s = 85.400: dE = -2.3537e-14  C = 0.000 (axis 0.000)  droplets 0  (351 it, 1.5 s)
L = 32 (20.51 um): a* = 85.17753769929794, C(a*) = 0.9131708772246363, branch end in [85.35, 85.4]
  L = 40.00  a_s = 84.250: dE = -1.6279e-02  C = 0.970 (axis 0.973)  droplets 1  (325 it, 1.8 s)
  L = 40.00  a_s = 84.300: dE = -1.5118e-02  C = 0.968 (axis 0.972)  droplets 1  (216 it, 1.2 s)
  L = 40.00  a_s = 84.350: dE = -1.3993e-02  C = 0.967 (axis 0.970)  droplets 1  (212 it, 1.1 s)
  L = 40.00  a_s = 84.400: dE = -1.2902e-02  C = 0.965 (axis 0.969)  droplets 1  (203 it, 1.1 s)
  L = 40.00  a_s = 84.450: dE = -1.1847e-02  C = 0.964 (axis 0.968)  droplets 1  (200 it, 1.1 s)
  L = 40.00  a_s = 84.500: dE = -1.0826e-02  C = 0.962 (axis 0.967)  droplets 1  (198 it, 1.0 s)
  L = 40.00  a_s = 84.550: dE = -9.8388e-03  C = 0.960 (axis 0.965)  droplets 1  (196 it, 1.0 s)
  L = 40.00  a_s = 84.600: dE = -8.8859e-03  C = 0.958 (axis 0.964)  droplets 1  (195 it, 1.0 s)
  L = 40.00  a_s = 84.650: dE = -7.9668e-03  C = 0.956 (axis 0.962)  droplets 1  (181 it, 1.0 s)
  L = 40.00  a_s = 84.700: dE = -7.0812e-03  C = 0.953 (axis 0.961)  droplets 1  (177 it, 0.9 s)
  L = 40.00  a_s = 84.750: dE = -6.2290e-03  C = 0.951 (axis 0.959)  droplets 1  (176 it, 1.1 s)
  L = 40.00  a_s = 84.800: dE = -5.4102e-03  C = 0.948 (axis 0.957)  droplets 1  (175 it, 1.2 s)
  L = 40.00  a_s = 84.850: dE = -4.6247e-03  C = 0.945 (axis 0.955)  droplets 1  (174 it, 1.1 s)
  L = 40.00  a_s = 84.900: dE = -3.8725e-03  C = 0.942 (axis 0.952)  droplets 1  (173 it, 1.2 s)
  L = 40.00  a_s = 84.950: dE = -3.1536e-03  C = 0.939 (axis 0.950)  droplets 1  (172 it, 1.2 s)
  L = 40.00  a_s = 85.000: dE = -2.4683e-03  C = 0.935 (axis 0.947)  droplets 1  (172 it, 1.2 s)
  L = 40.00  a_s = 85.050: dE = -1.8168e-03  C = 0.931 (axis 0.944)  droplets 1  (172 it, 1.1 s)
  L = 40.00  a_s = 85.100: dE = -1.1995e-03  C = 0.926 (axis 0.941)  droplets 1  (172 it, 0.9 s)
  L = 40.00  a_s = 85.150: dE = -6.1712e-04  C = 0.921 (axis 0.937)  droplets 1  (171 it, 0.9 s)
  L = 40.00  a_s = 85.200: dE = -7.0501e-05  C = 0.915 (axis 0.933)  droplets 1  (169 it, 0.9 s)
  L = 40.00  a_s = 85.250: dE = +4.3896e-04  C = 0.908 (axis 0.927)  droplets 1  (171 it, 1.0 s)
  L = 40.00  a_s = 85.300: dE = +9.0915e-04  C = 0.900 (axis 0.921)  droplets 1  (174 it, 0.9 s)
  L = 40.00  a_s = 85.350: dE = +1.3364e-03  C = 0.888 (axis 0.912)  droplets 1  (178 it, 1.0 s)
  L = 40.00  a_s = 85.400: dE = +1.7132e-03  C = 0.871 (axis 0.899)  droplets 1  (208 it, 1.1 s)
  L = 40.00  a_s = 85.450: dE = -2.3981e-14  C = 0.000 (axis 0.000)  droplets 0  (259 it, 1.4 s)
L = 40 (25.64 um): a* = 85.20691913219416, C(a*) = 0.9143111977457435, branch end in [85.4, 85.45]
  L = 48.00  a_s = 84.250: dE = -2.5795e-02  C = 0.974 (axis 0.973)  droplets 3  (957 it, 5.6 s)
  L = 48.00  a_s = 84.300: dE = -2.3744e-02  C = 0.973 (axis 0.972)  droplets 3  (277 it, 1.6 s)
  L = 48.00  a_s = 84.350: dE = -2.1762e-02  C = 0.971 (axis 0.971)  droplets 3  (274 it, 1.6 s)
  L = 48.00  a_s = 84.400: dE = -1.9847e-02  C = 0.969 (axis 0.970)  droplets 3  (273 it, 1.6 s)
  L = 48.00  a_s = 84.450: dE = -1.8000e-02  C = 0.969 (axis 0.969)  droplets 3  (276 it, 1.6 s)
  L = 48.00  a_s = 84.500: dE = -1.6220e-02  C = 0.968 (axis 0.968)  droplets 3  (235 it, 1.4 s)
  L = 48.00  a_s = 84.550: dE = -1.4507e-02  C = 0.967 (axis 0.967)  droplets 3  (233 it, 1.4 s)
  L = 48.00  a_s = 84.600: dE = -1.2862e-02  C = 0.965 (axis 0.966)  droplets 3  (231 it, 1.4 s)
  L = 48.00  a_s = 84.650: dE = -1.1283e-02  C = 0.963 (axis 0.964)  droplets 3  (225 it, 1.3 s)
  L = 48.00  a_s = 84.700: dE = -9.7706e-03  C = 0.960 (axis 0.962)  droplets 3  (224 it, 1.3 s)
  L = 48.00  a_s = 84.750: dE = -8.3255e-03  C = 0.959 (axis 0.961)  droplets 3  (265 it, 1.6 s)
  L = 48.00  a_s = 84.800: dE = -6.9477e-03  C = 0.957 (axis 0.960)  droplets 3  (266 it, 1.6 s)
  L = 48.00  a_s = 84.850: dE = -5.6376e-03  C = 0.955 (axis 0.958)  droplets 3  (262 it, 1.6 s)
  L = 48.00  a_s = 84.900: dE = -4.3960e-03  C = 0.951 (axis 0.955)  droplets 3  (225 it, 1.4 s)
  L = 48.00  a_s = 84.950: dE = -3.2240e-03  C = 0.947 (axis 0.952)  droplets 3  (263 it, 1.6 s)
  L = 48.00  a_s = 85.000: dE = -2.1229e-03  C = 0.943 (axis 0.949)  droplets 3  (279 it, 1.7 s)
  L = 48.00  a_s = 85.050: dE = -1.0951e-03  C = 0.939 (axis 0.946)  droplets 3  (300 it, 1.8 s)
  L = 48.00  a_s = 85.100: dE = -1.4363e-04  C = 0.933 (axis 0.942)  droplets 3  (298 it, 1.8 s)
  L = 48.00  a_s = 85.150: dE = +7.2623e-04  C = 0.925 (axis 0.935)  droplets 3  (388 it, 2.4 s)
  L = 48.00  a_s = 85.200: dE = -2.3700e-04  C = 0.918 (axis 0.935)  droplets 1  (462 it, 2.9 s)
  L = 48.00  a_s = 85.250: dE = +2.0605e-04  C = 0.912 (axis 0.930)  droplets 1  (182 it, 1.1 s)
  L = 48.00  a_s = 85.300: dE = +6.1672e-04  C = 0.904 (axis 0.924)  droplets 1  (181 it, 1.1 s)
  L = 48.00  a_s = 85.350: dE = +9.9259e-04  C = 0.894 (axis 0.916)  droplets 1  (180 it, 1.1 s)
  L = 48.00  a_s = 85.400: dE = +1.3292e-03  C = 0.880 (axis 0.906)  droplets 1  (184 it, 1.1 s)
  L = 48.00  a_s = 85.450: dE = -7.4607e-14  C = 0.000 (axis 0.000)  droplets 0  (508 it, 3.2 s)
L = 48 (30.77 um): a* = 85.22674626282137, C(a*) = 0.9149073348855945, branch end in [85.4, 85.45]
  L = 64.00  a_s = 84.250: dE = -2.2828e-02  C = 0.975 (axis 0.975)  droplets 3  (920 it, 7.3 s)
  L = 64.00  a_s = 84.300: dE = -2.1116e-02  C = 0.975 (axis 0.974)  droplets 3  (267 it, 2.1 s)
  L = 64.00  a_s = 84.350: dE = -1.9460e-02  C = 0.974 (axis 0.973)  droplets 3  (315 it, 2.5 s)
  L = 64.00  a_s = 84.400: dE = -1.7860e-02  C = 0.973 (axis 0.972)  droplets 3  (311 it, 2.4 s)
  L = 64.00  a_s = 84.450: dE = -1.6315e-02  C = 0.971 (axis 0.971)  droplets 3  (306 it, 2.4 s)
  L = 64.00  a_s = 84.500: dE = -1.4824e-02  C = 0.970 (axis 0.970)  droplets 3  (294 it, 2.3 s)
  L = 64.00  a_s = 84.550: dE = -1.3387e-02  C = 0.969 (axis 0.969)  droplets 3  (247 it, 1.9 s)
  L = 64.00  a_s = 84.600: dE = -1.2005e-02  C = 0.968 (axis 0.968)  droplets 3  (247 it, 1.9 s)
  L = 64.00  a_s = 84.650: dE = -1.0676e-02  C = 0.967 (axis 0.967)  droplets 3  (289 it, 2.3 s)
  L = 64.00  a_s = 84.700: dE = -9.4004e-03  C = 0.965 (axis 0.966)  droplets 3  (287 it, 2.3 s)
  L = 64.00  a_s = 84.750: dE = -8.1785e-03  C = 0.963 (axis 0.964)  droplets 3  (286 it, 2.3 s)
  L = 64.00  a_s = 84.800: dE = -7.0102e-03  C = 0.961 (axis 0.962)  droplets 3  (284 it, 2.3 s)
  L = 64.00  a_s = 84.850: dE = -5.8954e-03  C = 0.959 (axis 0.961)  droplets 3  (284 it, 2.2 s)
  L = 64.00  a_s = 84.900: dE = -4.8344e-03  C = 0.957 (axis 0.960)  droplets 3  (282 it, 2.2 s)
  L = 64.00  a_s = 84.950: dE = -3.8278e-03  C = 0.954 (axis 0.957)  droplets 3  (279 it, 2.3 s)
  L = 64.00  a_s = 85.000: dE = -2.8759e-03  C = 0.951 (axis 0.955)  droplets 3  (279 it, 2.2 s)
  L = 64.00  a_s = 85.050: dE = -1.9799e-03  C = 0.946 (axis 0.951)  droplets 3  (279 it, 2.2 s)
  L = 64.00  a_s = 85.100: dE = -1.1410e-03  C = 0.943 (axis 0.949)  droplets 3  (281 it, 2.2 s)
  L = 64.00  a_s = 85.150: dE = -3.6125e-04  C = 0.938 (axis 0.945)  droplets 3  (293 it, 2.3 s)
  L = 64.00  a_s = 85.200: dE = +3.5613e-04  C = 0.932 (axis 0.940)  droplets 3  (318 it, 2.5 s)
  L = 64.00  a_s = 85.250: dE = +1.0057e-03  C = 0.922 (axis 0.933)  droplets 3  (377 it, 3.0 s)
  L = 64.00  a_s = 85.300: dE = +3.2121e-04  C = 0.909 (axis 0.928)  droplets 1  (682 it, 5.4 s)
  L = 64.00  a_s = 85.350: dE = +6.2135e-04  C = 0.900 (axis 0.921)  droplets 1  (182 it, 1.9 s)
  L = 64.00  a_s = 85.400: dE = +8.9357e-04  C = 0.889 (axis 0.912)  droplets 1  (188 it, 1.8 s)
  L = 64.00  a_s = 85.450: dE = +1.1327e-03  C = 0.871 (axis 0.898)  droplets 1  (215 it, 1.5 s)
  L = 64.00  a_s = 85.500: dE = -7.1054e-15  C = 0.000 (axis 0.000)  droplets 0  (255 it, 1.9 s)
L = 64 (41.02 um): a* = 85.17517857134754, C(a*) = 0.9349952973579431, branch end in [85.45, 85.5]

n = 700/um: a* = 85.227 a0 at L = 48 l (30.77 um), a* - a_rot* = +0.727 a0, C(a*) = 0.915, crystal branch ends in [85.4, 85.45] a0 (284 s)
wrote C:\Users\kyost\Desktop\git\qs\results\tube_first_order_700_dx0.25.json
