n = 6250/um, dx = 0.25, L_perp = 24.0, a_rot* = 89.83 a0; uniform states 21 s
  L =  4.30  a_s = 89.750: dE = -8.7485e-03  C = 0.826 (axis 0.785)  droplets 1  (242 it, 0.9 s)
  L =  4.30  a_s = 89.775: dE = -8.2309e-03  C = 0.822 (axis 0.780)  droplets 1  (119 it, 0.4 s)
  L =  4.30  a_s = 89.800: dE = -7.7213e-03  C = 0.819 (axis 0.776)  droplets 1  (119 it, 0.4 s)
  L =  4.30  a_s = 89.825: dE = -7.2198e-03  C = 0.815 (axis 0.771)  droplets 1  (120 it, 0.4 s)
  L =  4.30  a_s = 89.850: dE = -6.7265e-03  C = 0.811 (axis 0.766)  droplets 1  (120 it, 0.4 s)
  L =  4.30  a_s = 89.875: dE = -6.2415e-03  C = 0.807 (axis 0.761)  droplets 1  (121 it, 0.4 s)
  L =  4.30  a_s = 89.900: dE = -5.7649e-03  C = 0.803 (axis 0.756)  droplets 1  (123 it, 0.4 s)
  L =  4.30  a_s = 89.925: dE = -5.2968e-03  C = 0.799 (axis 0.750)  droplets 1  (134 it, 0.4 s)
  L =  4.30  a_s = 89.950: dE = -4.8374e-03  C = 0.794 (axis 0.745)  droplets 1  (134 it, 0.4 s)
  L =  4.30  a_s = 89.975: dE = -4.3868e-03  C = 0.790 (axis 0.739)  droplets 1  (135 it, 0.4 s)
  L =  4.30  a_s = 90.000: dE = -3.9451e-03  C = 0.785 (axis 0.732)  droplets 1  (136 it, 0.4 s)
  L =  4.30  a_s = 90.025: dE = -3.5125e-03  C = 0.779 (axis 0.726)  droplets 1  (137 it, 0.5 s)
  L =  4.30  a_s = 90.050: dE = -3.0893e-03  C = 0.774 (axis 0.719)  droplets 1  (137 it, 0.4 s)
  L =  4.30  a_s = 90.075: dE = -2.6756e-03  C = 0.768 (axis 0.712)  droplets 1  (138 it, 0.5 s)
  L =  4.30  a_s = 90.100: dE = -2.2716e-03  C = 0.762 (axis 0.704)  droplets 1  (139 it, 0.4 s)
  L =  4.30  a_s = 90.125: dE = -1.8777e-03  C = 0.756 (axis 0.696)  droplets 1  (141 it, 0.4 s)
  L =  4.30  a_s = 90.150: dE = -1.4941e-03  C = 0.749 (axis 0.687)  droplets 1  (141 it, 0.5 s)
  L =  4.30  a_s = 90.175: dE = -1.1213e-03  C = 0.742 (axis 0.678)  droplets 1  (143 it, 0.5 s)
  L =  4.30  a_s = 90.200: dE = -7.5969e-04  C = 0.734 (axis 0.668)  droplets 1  (144 it, 0.5 s)
  L =  4.30  a_s = 90.225: dE = -4.0977e-04  C = 0.725 (axis 0.657)  droplets 1  (146 it, 0.5 s)
  L =  4.30  a_s = 90.250: dE = -7.2237e-05  C = 0.715 (axis 0.645)  droplets 1  (148 it, 0.5 s)
  L =  4.30  a_s = 90.275: dE = +2.5206e-04  C = 0.704 (axis 0.632)  droplets 1  (153 it, 0.5 s)
  L =  4.30  a_s = 90.300: dE = +5.6197e-04  C = 0.692 (axis 0.616)  droplets 1  (170 it, 0.5 s)
  L =  4.30  a_s = 90.325: dE = +8.5583e-04  C = 0.677 (axis 0.598)  droplets 1  (174 it, 0.5 s)
  L =  4.30  a_s = 90.350: dE = +1.1309e-03  C = 0.657 (axis 0.574)  droplets 1  (203 it, 0.6 s)
  L =  4.30  a_s = 90.375: dE = +1.3812e-03  C = 0.625 (axis 0.535)  droplets 1  (249 it, 0.8 s)
  L =  4.30  a_s = 90.400: dE = -5.3291e-14  C = 0.000 (axis 0.000)  droplets 0  (321 it, 1.0 s)
L = 4.3 (2.76 um): a* = 90.25556874303253, C(a*) = 0.7126594060697227, branch end in [90.375, 90.4]
  L =  4.40  a_s = 89.750: dE = -8.7286e-03  C = 0.832 (axis 0.791)  droplets 1  (236 it, 0.7 s)
  L =  4.40  a_s = 89.775: dE = -8.2066e-03  C = 0.829 (axis 0.787)  droplets 1  (120 it, 0.4 s)
  L =  4.40  a_s = 89.800: dE = -7.6927e-03  C = 0.825 (axis 0.782)  droplets 1  (120 it, 0.4 s)
  L =  4.40  a_s = 89.825: dE = -7.1869e-03  C = 0.821 (axis 0.778)  droplets 1  (121 it, 0.4 s)
  L =  4.40  a_s = 89.850: dE = -6.6893e-03  C = 0.818 (axis 0.773)  droplets 1  (121 it, 0.4 s)
  L =  4.40  a_s = 89.875: dE = -6.2001e-03  C = 0.814 (axis 0.768)  droplets 1  (123 it, 0.4 s)
  L =  4.40  a_s = 89.900: dE = -5.7192e-03  C = 0.810 (axis 0.763)  droplets 1  (123 it, 0.4 s)
  L =  4.40  a_s = 89.925: dE = -5.2470e-03  C = 0.805 (axis 0.757)  droplets 1  (134 it, 0.4 s)
  L =  4.40  a_s = 89.950: dE = -4.7834e-03  C = 0.801 (axis 0.752)  droplets 1  (135 it, 0.4 s)
  L =  4.40  a_s = 89.975: dE = -4.3286e-03  C = 0.796 (axis 0.746)  droplets 1  (136 it, 0.4 s)
  L =  4.40  a_s = 90.000: dE = -3.8827e-03  C = 0.791 (axis 0.740)  droplets 1  (137 it, 0.4 s)
  L =  4.40  a_s = 90.025: dE = -3.4460e-03  C = 0.786 (axis 0.733)  droplets 1  (138 it, 0.4 s)
  L =  4.40  a_s = 90.050: dE = -3.0186e-03  C = 0.781 (axis 0.727)  droplets 1  (138 it, 0.4 s)
  L =  4.40  a_s = 90.075: dE = -2.6008e-03  C = 0.775 (axis 0.719)  droplets 1  (139 it, 0.4 s)
  L =  4.40  a_s = 90.100: dE = -2.1927e-03  C = 0.769 (axis 0.712)  droplets 1  (140 it, 0.4 s)
  L =  4.40  a_s = 90.125: dE = -1.7946e-03  C = 0.763 (axis 0.704)  droplets 1  (141 it, 0.5 s)
  L =  4.40  a_s = 90.150: dE = -1.4069e-03  C = 0.756 (axis 0.695)  droplets 1  (142 it, 0.4 s)
  L =  4.40  a_s = 90.175: dE = -1.0299e-03  C = 0.749 (axis 0.686)  droplets 1  (143 it, 0.4 s)
  L =  4.40  a_s = 90.200: dE = -6.6405e-04  C = 0.741 (axis 0.676)  droplets 1  (145 it, 0.5 s)
  L =  4.40  a_s = 90.225: dE = -3.0990e-04  C = 0.733 (axis 0.665)  droplets 1  (146 it, 0.5 s)
  L =  4.40  a_s = 90.250: dE = +3.1916e-05  C = 0.723 (axis 0.653)  droplets 1  (148 it, 0.5 s)
  L =  4.40  a_s = 90.275: dE = +3.6056e-04  C = 0.712 (axis 0.640)  droplets 1  (153 it, 0.5 s)
  L =  4.40  a_s = 90.300: dE = +6.7491e-04  C = 0.700 (axis 0.625)  droplets 1  (170 it, 0.5 s)
  L =  4.40  a_s = 90.325: dE = +9.7333e-04  C = 0.685 (axis 0.607)  droplets 1  (175 it, 0.5 s)
  L =  4.40  a_s = 90.350: dE = +1.2532e-03  C = 0.666 (axis 0.584)  droplets 1  (183 it, 0.6 s)
  L =  4.40  a_s = 90.375: dE = +1.5089e-03  C = 0.636 (axis 0.547)  droplets 1  (241 it, 0.8 s)
  L =  4.40  a_s = 90.400: dE = -7.1054e-15  C = 0.000 (axis 0.000)  droplets 0  (298 it, 0.9 s)
L = 4.4 (2.82 um): a* = 90.24766569790343, C(a*) = 0.7239109807382897, branch end in [90.375, 90.4]
  L =  4.50  a_s = 89.750: dE = -8.3398e-03  C = 0.834 (axis 0.794)  droplets 1  (231 it, 0.7 s)
  L =  4.50  a_s = 89.775: dE = -7.8189e-03  C = 0.831 (axis 0.790)  droplets 1  (121 it, 0.4 s)
  L =  4.50  a_s = 89.800: dE = -7.3062e-03  C = 0.827 (axis 0.785)  droplets 1  (122 it, 0.4 s)
  L =  4.50  a_s = 89.825: dE = -6.8017e-03  C = 0.824 (axis 0.781)  droplets 1  (122 it, 0.4 s)
  L =  4.50  a_s = 89.850: dE = -6.3055e-03  C = 0.820 (axis 0.776)  droplets 1  (123 it, 0.4 s)
  L =  4.50  a_s = 89.875: dE = -5.8178e-03  C = 0.816 (axis 0.771)  droplets 1  (123 it, 0.4 s)
  L =  4.50  a_s = 89.900: dE = -5.3386e-03  C = 0.812 (axis 0.765)  droplets 1  (135 it, 0.4 s)
  L =  4.50  a_s = 89.925: dE = -4.8680e-03  C = 0.807 (axis 0.760)  droplets 1  (136 it, 0.4 s)
  L =  4.50  a_s = 89.950: dE = -4.4062e-03  C = 0.803 (axis 0.754)  droplets 1  (137 it, 0.4 s)
  L =  4.50  a_s = 89.975: dE = -3.9534e-03  C = 0.798 (axis 0.748)  droplets 1  (138 it, 0.4 s)
  L =  4.50  a_s = 90.000: dE = -3.5096e-03  C = 0.793 (axis 0.742)  droplets 1  (138 it, 0.4 s)
  L =  4.50  a_s = 90.025: dE = -3.0752e-03  C = 0.788 (axis 0.735)  droplets 1  (139 it, 0.4 s)
  L =  4.50  a_s = 90.050: dE = -2.6502e-03  C = 0.782 (axis 0.728)  droplets 1  (140 it, 0.4 s)
  L =  4.50  a_s = 90.075: dE = -2.2349e-03  C = 0.777 (axis 0.721)  droplets 1  (140 it, 0.4 s)
  L =  4.50  a_s = 90.100: dE = -1.8295e-03  C = 0.770 (axis 0.713)  droplets 1  (141 it, 0.5 s)
  L =  4.50  a_s = 90.125: dE = -1.4344e-03  C = 0.764 (axis 0.705)  droplets 1  (142 it, 0.4 s)
  L =  4.50  a_s = 90.150: dE = -1.0499e-03  C = 0.757 (axis 0.696)  droplets 1  (143 it, 0.4 s)
  L =  4.50  a_s = 90.175: dE = -6.7641e-04  C = 0.749 (axis 0.686)  droplets 1  (145 it, 0.4 s)
  L =  4.50  a_s = 90.200: dE = -3.1439e-04  C = 0.741 (axis 0.676)  droplets 1  (147 it, 0.5 s)
  L =  4.50  a_s = 90.225: dE = +3.5546e-05  C = 0.732 (axis 0.665)  droplets 1  (148 it, 0.5 s)
  L =  4.50  a_s = 90.250: dE = +3.7265e-04  C = 0.722 (axis 0.652)  droplets 1  (152 it, 0.5 s)
  L =  4.50  a_s = 90.275: dE = +6.9591e-04  C = 0.710 (axis 0.638)  droplets 1  (170 it, 0.5 s)
  L =  4.50  a_s = 90.300: dE = +1.0040e-03  C = 0.697 (axis 0.621)  droplets 1  (174 it, 0.5 s)
  L =  4.50  a_s = 90.325: dE = +1.2946e-03  C = 0.680 (axis 0.600)  droplets 1  (181 it, 0.6 s)
  L =  4.50  a_s = 90.350: dE = +1.5639e-03  C = 0.656 (axis 0.571)  droplets 1  (210 it, 0.6 s)
  L =  4.50  a_s = 90.375: dE = -1.3145e-13  C = 0.000 (axis 0.000)  droplets 0  (395 it, 1.2 s)
L = 4.5 (2.88 um): a* = 90.22246053288987, C(a*) = 0.7328683624863114, branch end in [90.35, 90.375]
  L =  4.60  a_s = 89.750: dE = -7.6180e-03  C = 0.834 (axis 0.794)  droplets 1  (235 it, 0.7 s)
  L =  4.60  a_s = 89.775: dE = -7.1035e-03  C = 0.830 (axis 0.790)  droplets 1  (122 it, 0.4 s)
  L =  4.60  a_s = 89.800: dE = -6.5973e-03  C = 0.827 (axis 0.785)  droplets 1  (123 it, 0.4 s)
  L =  4.60  a_s = 89.825: dE = -6.0995e-03  C = 0.823 (axis 0.780)  droplets 1  (123 it, 0.4 s)
  L =  4.60  a_s = 89.850: dE = -5.6101e-03  C = 0.819 (axis 0.775)  droplets 1  (126 it, 0.4 s)
  L =  4.60  a_s = 89.875: dE = -5.1294e-03  C = 0.815 (axis 0.770)  droplets 1  (136 it, 0.4 s)
  L =  4.60  a_s = 89.900: dE = -4.6574e-03  C = 0.810 (axis 0.764)  droplets 1  (138 it, 0.4 s)
  L =  4.60  a_s = 89.925: dE = -4.1943e-03  C = 0.806 (axis 0.758)  droplets 1  (138 it, 0.5 s)
  L =  4.60  a_s = 89.950: dE = -3.7402e-03  C = 0.801 (axis 0.752)  droplets 1  (138 it, 0.4 s)
  L =  4.60  a_s = 89.975: dE = -3.2953e-03  C = 0.796 (axis 0.746)  droplets 1  (139 it, 0.4 s)
  L =  4.60  a_s = 90.000: dE = -2.8597e-03  C = 0.791 (axis 0.739)  droplets 1  (140 it, 0.4 s)
  L =  4.60  a_s = 90.025: dE = -2.4336e-03  C = 0.785 (axis 0.732)  droplets 1  (141 it, 0.4 s)
  L =  4.60  a_s = 90.050: dE = -2.0174e-03  C = 0.780 (axis 0.725)  droplets 1  (142 it, 0.4 s)
  L =  4.60  a_s = 90.075: dE = -1.6112e-03  C = 0.773 (axis 0.717)  droplets 1  (142 it, 0.4 s)
  L =  4.60  a_s = 90.100: dE = -1.2154e-03  C = 0.767 (axis 0.709)  droplets 1  (144 it, 0.5 s)
  L =  4.60  a_s = 90.125: dE = -8.3029e-04  C = 0.760 (axis 0.700)  droplets 1  (145 it, 0.5 s)
  L =  4.60  a_s = 90.150: dE = -4.5632e-04  C = 0.752 (axis 0.690)  droplets 1  (148 it, 0.5 s)
  L =  4.60  a_s = 90.175: dE = -9.3973e-05  C = 0.744 (axis 0.680)  droplets 1  (149 it, 0.5 s)
  L =  4.60  a_s = 90.200: dE = +2.5611e-04  C = 0.734 (axis 0.668)  droplets 1  (151 it, 0.5 s)
  L =  4.60  a_s = 90.225: dE = +5.9312e-04  C = 0.724 (axis 0.655)  droplets 1  (155 it, 0.5 s)
  L =  4.60  a_s = 90.250: dE = +9.1601e-04  C = 0.712 (axis 0.640)  droplets 1  (173 it, 0.5 s)
  L =  4.60  a_s = 90.275: dE = +1.2232e-03  C = 0.698 (axis 0.623)  droplets 1  (178 it, 0.5 s)
  L =  4.60  a_s = 90.300: dE = +1.5124e-03  C = 0.680 (axis 0.601)  droplets 1  (184 it, 0.6 s)
  L =  4.60  a_s = 90.325: dE = +1.7785e-03  C = 0.653 (axis 0.568)  droplets 1  (242 it, 0.7 s)
  L =  4.60  a_s = 90.350: dE = -1.6698e-13  C = 0.000 (axis 0.000)  droplets 0  (434 it, 1.3 s)
L = 4.6 (2.95 um): a* = 90.18171080639664, C(a*) = 0.7411284130908836, branch end in [90.325, 90.35]
  L =  4.70  a_s = 89.750: dE = -6.6082e-03  C = 0.830 (axis 0.791)  droplets 1  (240 it, 0.8 s)
  L =  4.70  a_s = 89.775: dE = -6.1052e-03  C = 0.827 (axis 0.786)  droplets 1  (124 it, 0.4 s)
  L =  4.70  a_s = 89.800: dE = -5.6107e-03  C = 0.823 (axis 0.781)  droplets 1  (126 it, 0.4 s)
  L =  4.70  a_s = 89.825: dE = -5.1249e-03  C = 0.818 (axis 0.776)  droplets 1  (138 it, 0.4 s)
  L =  4.70  a_s = 89.850: dE = -4.6478e-03  C = 0.814 (axis 0.770)  droplets 1  (138 it, 0.4 s)
  L =  4.70  a_s = 89.875: dE = -4.1796e-03  C = 0.810 (axis 0.765)  droplets 1  (139 it, 0.4 s)
  L =  4.70  a_s = 89.900: dE = -3.7205e-03  C = 0.805 (axis 0.759)  droplets 1  (140 it, 0.4 s)
  L =  4.70  a_s = 89.925: dE = -3.2705e-03  C = 0.800 (axis 0.752)  droplets 1  (141 it, 0.4 s)
  L =  4.70  a_s = 89.950: dE = -2.8299e-03  C = 0.795 (axis 0.746)  droplets 1  (141 it, 0.4 s)
  L =  4.70  a_s = 89.975: dE = -2.3989e-03  C = 0.790 (axis 0.739)  droplets 1  (142 it, 0.4 s)
  L =  4.70  a_s = 90.000: dE = -1.9776e-03  C = 0.784 (axis 0.732)  droplets 1  (144 it, 0.4 s)
  L =  4.70  a_s = 90.025: dE = -1.5663e-03  C = 0.778 (axis 0.724)  droplets 1  (145 it, 0.4 s)
  L =  4.70  a_s = 90.050: dE = -1.1654e-03  C = 0.771 (axis 0.716)  droplets 1  (146 it, 0.4 s)
  L =  4.70  a_s = 90.075: dE = -7.7519e-04  C = 0.764 (axis 0.707)  droplets 1  (148 it, 0.5 s)
  L =  4.70  a_s = 90.100: dE = -3.9601e-04  C = 0.757 (axis 0.698)  droplets 1  (149 it, 0.5 s)
  L =  4.70  a_s = 90.125: dE = -2.8377e-05  C = 0.749 (axis 0.687)  droplets 1  (151 it, 0.5 s)
  L =  4.70  a_s = 90.150: dE = +3.2711e-04  C = 0.740 (axis 0.676)  droplets 1  (153 it, 0.5 s)
  L =  4.70  a_s = 90.175: dE = +6.6971e-04  C = 0.730 (axis 0.664)  droplets 1  (155 it, 0.7 s)
  L =  4.70  a_s = 90.200: dE = +9.9841e-04  C = 0.718 (axis 0.649)  droplets 1  (175 it, 0.6 s)
  L =  4.70  a_s = 90.225: dE = +1.3118e-03  C = 0.705 (axis 0.633)  droplets 1  (179 it, 0.6 s)
  L =  4.70  a_s = 90.250: dE = +1.6078e-03  C = 0.688 (axis 0.612)  droplets 1  (185 it, 0.6 s)
  L =  4.70  a_s = 90.275: dE = +1.8822e-03  C = 0.664 (axis 0.582)  droplets 1  (219 it, 0.8 s)
  L =  4.70  a_s = 90.300: dE = -1.0303e-13  C = 0.000 (axis 0.000)  droplets 0  (263 it, 0.9 s)
L = 4.7 (3.01 um): a* = 90.12699565616882, C(a*) = 0.747845475918217, branch end in [90.275, 90.3]

n = 6250/um: a* = 90.256 a0 at L = 4.3 l (2.76 um), a* - a_rot* = +0.426 a0, C(a*) = 0.713, crystal branch ends in [90.375, 90.4] a0 (117 s)
wrote results\tube_first_order_6250_refine.json
