n = 6250/um, dx = 0.125, L_perp = 24.0, a_rot* = 89.83 a0; uniform states 21 s
  L =  4.30  a_s = 89.750: dE = -8.7486e-03  C = 0.827 (axis 0.785)  droplets 1  (231 it, 2.1 s)
  L =  4.30  a_s = 89.775: dE = -8.2309e-03  C = 0.824 (axis 0.781)  droplets 1  (123 it, 1.1 s)
  L =  4.30  a_s = 89.800: dE = -7.7213e-03  C = 0.820 (axis 0.776)  droplets 1  (124 it, 1.1 s)
  L =  4.30  a_s = 89.825: dE = -7.2198e-03  C = 0.816 (axis 0.772)  droplets 1  (124 it, 1.1 s)
  L =  4.30  a_s = 89.850: dE = -6.7265e-03  C = 0.813 (axis 0.767)  droplets 1  (125 it, 1.1 s)
  L =  4.30  a_s = 89.875: dE = -6.2415e-03  C = 0.809 (axis 0.762)  droplets 1  (134 it, 1.2 s)
  L =  4.30  a_s = 89.900: dE = -5.7649e-03  C = 0.804 (axis 0.756)  droplets 1  (137 it, 1.2 s)
  L =  4.30  a_s = 89.925: dE = -5.2968e-03  C = 0.800 (axis 0.751)  droplets 1  (137 it, 1.2 s)
  L =  4.30  a_s = 89.950: dE = -4.8374e-03  C = 0.796 (axis 0.745)  droplets 1  (138 it, 1.2 s)
  L =  4.30  a_s = 89.975: dE = -4.3868e-03  C = 0.791 (axis 0.739)  droplets 1  (138 it, 1.2 s)
  L =  4.30  a_s = 90.000: dE = -3.9451e-03  C = 0.786 (axis 0.733)  droplets 1  (139 it, 1.2 s)
  L =  4.30  a_s = 90.025: dE = -3.5125e-03  C = 0.781 (axis 0.727)  droplets 1  (140 it, 1.2 s)
  L =  4.30  a_s = 90.050: dE = -3.0893e-03  C = 0.776 (axis 0.720)  droplets 1  (141 it, 1.2 s)
  L =  4.30  a_s = 90.075: dE = -2.6756e-03  C = 0.770 (axis 0.712)  droplets 1  (142 it, 1.2 s)
  L =  4.30  a_s = 90.100: dE = -2.2716e-03  C = 0.764 (axis 0.705)  droplets 1  (143 it, 1.2 s)
  L =  4.30  a_s = 90.125: dE = -1.8777e-03  C = 0.757 (axis 0.697)  droplets 1  (144 it, 1.3 s)
  L =  4.30  a_s = 90.150: dE = -1.4942e-03  C = 0.750 (axis 0.688)  droplets 1  (145 it, 1.3 s)
  L =  4.30  a_s = 90.175: dE = -1.1213e-03  C = 0.743 (axis 0.679)  droplets 1  (146 it, 1.3 s)
  L =  4.30  a_s = 90.200: dE = -7.5971e-04  C = 0.735 (axis 0.669)  droplets 1  (147 it, 1.3 s)
  L =  4.30  a_s = 90.225: dE = -4.0979e-04  C = 0.726 (axis 0.658)  droplets 1  (149 it, 1.3 s)
  L =  4.30  a_s = 90.250: dE = -7.2254e-05  C = 0.717 (axis 0.646)  droplets 1  (151 it, 1.3 s)
  L =  4.30  a_s = 90.275: dE = +2.5205e-04  C = 0.706 (axis 0.632)  droplets 1  (169 it, 1.5 s)
  L =  4.30  a_s = 90.300: dE = +5.6196e-04  C = 0.693 (axis 0.617)  droplets 1  (172 it, 1.5 s)
  L =  4.30  a_s = 90.325: dE = +8.5582e-04  C = 0.678 (axis 0.598)  droplets 1  (177 it, 1.6 s)
  L =  4.30  a_s = 90.350: dE = +1.1309e-03  C = 0.659 (axis 0.575)  droplets 1  (205 it, 1.8 s)
  L =  4.30  a_s = 90.375: dE = +1.3812e-03  C = 0.627 (axis 0.536)  droplets 1  (281 it, 2.5 s)
  L =  4.30  a_s = 90.400: dE = -7.1054e-14  C = 0.000 (axis 0.000)  droplets 0  (277 it, 2.5 s)
L = 4.3 (2.76 um): crossing a* = 90.25557001615341, C(a*) = 0.7143016936628712, droplets/cell 1, branch end in [90.375, 90.4]
  L =  4.40  a_s = 89.750: dE = -8.7286e-03  C = 0.832 (axis 0.791)  droplets 1  (235 it, 2.2 s)
  L =  4.40  a_s = 89.775: dE = -8.2066e-03  C = 0.828 (axis 0.787)  droplets 1  (124 it, 1.1 s)
  L =  4.40  a_s = 89.800: dE = -7.6927e-03  C = 0.825 (axis 0.782)  droplets 1  (124 it, 1.1 s)
  L =  4.40  a_s = 89.825: dE = -7.1869e-03  C = 0.821 (axis 0.778)  droplets 1  (125 it, 1.1 s)
  L =  4.40  a_s = 89.850: dE = -6.6893e-03  C = 0.817 (axis 0.773)  droplets 1  (125 it, 1.1 s)
  L =  4.40  a_s = 89.875: dE = -6.2001e-03  C = 0.813 (axis 0.768)  droplets 1  (137 it, 1.2 s)
  L =  4.40  a_s = 89.900: dE = -5.7193e-03  C = 0.809 (axis 0.763)  droplets 1  (138 it, 1.2 s)
  L =  4.40  a_s = 89.925: dE = -5.2470e-03  C = 0.805 (axis 0.757)  droplets 1  (138 it, 1.2 s)
  L =  4.40  a_s = 89.950: dE = -4.7834e-03  C = 0.801 (axis 0.752)  droplets 1  (138 it, 1.2 s)
  L =  4.40  a_s = 89.975: dE = -4.3286e-03  C = 0.796 (axis 0.746)  droplets 1  (139 it, 1.2 s)
  L =  4.40  a_s = 90.000: dE = -3.8828e-03  C = 0.791 (axis 0.740)  droplets 1  (140 it, 1.2 s)
  L =  4.40  a_s = 90.025: dE = -3.4460e-03  C = 0.786 (axis 0.733)  droplets 1  (141 it, 1.3 s)
  L =  4.40  a_s = 90.050: dE = -3.0186e-03  C = 0.781 (axis 0.726)  droplets 1  (142 it, 1.3 s)
  L =  4.40  a_s = 90.075: dE = -2.6008e-03  C = 0.775 (axis 0.719)  droplets 1  (142 it, 1.3 s)
  L =  4.40  a_s = 90.100: dE = -2.1927e-03  C = 0.769 (axis 0.712)  droplets 1  (143 it, 1.3 s)
  L =  4.40  a_s = 90.125: dE = -1.7946e-03  C = 0.763 (axis 0.704)  droplets 1  (144 it, 1.3 s)
  L =  4.40  a_s = 90.150: dE = -1.4069e-03  C = 0.756 (axis 0.695)  droplets 1  (146 it, 1.3 s)
  L =  4.40  a_s = 90.175: dE = -1.0299e-03  C = 0.749 (axis 0.686)  droplets 1  (146 it, 1.3 s)
  L =  4.40  a_s = 90.200: dE = -6.6407e-04  C = 0.741 (axis 0.676)  droplets 1  (148 it, 1.3 s)
  L =  4.40  a_s = 90.225: dE = -3.0992e-04  C = 0.732 (axis 0.665)  droplets 1  (149 it, 1.3 s)
  L =  4.40  a_s = 90.250: dE = +3.1900e-05  C = 0.723 (axis 0.653)  droplets 1  (152 it, 1.3 s)
  L =  4.40  a_s = 90.275: dE = +3.6054e-04  C = 0.712 (axis 0.640)  droplets 1  (170 it, 1.5 s)
  L =  4.40  a_s = 90.300: dE = +6.7489e-04  C = 0.700 (axis 0.625)  droplets 1  (173 it, 1.5 s)
  L =  4.40  a_s = 90.325: dE = +9.7332e-04  C = 0.685 (axis 0.607)  droplets 1  (177 it, 1.6 s)
  L =  4.40  a_s = 90.350: dE = +1.2532e-03  C = 0.666 (axis 0.583)  droplets 1  (204 it, 1.9 s)
  L =  4.40  a_s = 90.375: dE = +1.5089e-03  C = 0.636 (axis 0.547)  droplets 1  (243 it, 2.2 s)
  L =  4.40  a_s = 90.400: dE = -1.1902e-13  C = 0.000 (axis 0.000)  droplets 0  (310 it, 2.8 s)
L = 4.4 (2.82 um): crossing a* = 90.24766688161966, C(a*) = 0.7235473983620022, droplets/cell 1, branch end in [90.375, 90.4]

n = 6250/um (crossing, 1 droplet(s) per cell): a* = 90.256 a0 at L = 4.3 l (2.76 um), a* - a_rot* = +0.426 a0, C(a*) = 0.714, crystal branch ends in [90.375, 90.4] a0 (109 s)
wrote C:\Users\kyost\Desktop\git\qs\results\tube_first_order_6250_dx0.125.json
