n = 2500/um, dx = 0.125, L_perp = 24.0, a_rot* = 92.32 a0; uniform states 17 s
  L =  4.35  a_s = 91.750: dE = -2.0518e-03  C = 0.507 (axis 0.521)  droplets 1  (256 it, 2.4 s)
  L =  4.35  a_s = 91.775: dE = -1.8756e-03  C = 0.497 (axis 0.511)  droplets 1  (163 it, 1.5 s)
  L =  4.35  a_s = 91.800: dE = -1.7072e-03  C = 0.487 (axis 0.501)  droplets 1  (165 it, 1.5 s)
  L =  4.35  a_s = 91.825: dE = -1.5467e-03  C = 0.477 (axis 0.490)  droplets 1  (166 it, 1.5 s)
  L =  4.35  a_s = 91.850: dE = -1.3941e-03  C = 0.466 (axis 0.479)  droplets 1  (166 it, 1.5 s)
  L =  4.35  a_s = 91.875: dE = -1.2494e-03  C = 0.455 (axis 0.468)  droplets 1  (168 it, 1.5 s)
  L =  4.35  a_s = 91.900: dE = -1.1126e-03  C = 0.443 (axis 0.456)  droplets 1  (170 it, 1.5 s)
  L =  4.35  a_s = 91.925: dE = -9.8364e-04  C = 0.431 (axis 0.444)  droplets 1  (173 it, 1.5 s)
  L =  4.35  a_s = 91.950: dE = -8.6260e-04  C = 0.419 (axis 0.431)  droplets 1  (173 it, 1.6 s)
  L =  4.35  a_s = 91.975: dE = -7.4946e-04  C = 0.406 (axis 0.417)  droplets 1  (176 it, 1.6 s)
  L =  4.35  a_s = 92.000: dE = -6.4424e-04  C = 0.392 (axis 0.403)  droplets 1  (178 it, 1.6 s)
  L =  4.35  a_s = 92.025: dE = -5.4693e-04  C = 0.377 (axis 0.388)  droplets 1  (181 it, 1.7 s)
  L =  4.35  a_s = 92.050: dE = -4.5755e-04  C = 0.362 (axis 0.372)  droplets 1  (183 it, 1.7 s)
  L =  4.35  a_s = 92.075: dE = -3.7610e-04  C = 0.346 (axis 0.356)  droplets 1  (188 it, 1.7 s)
  L =  4.35  a_s = 92.100: dE = -3.0260e-04  C = 0.328 (axis 0.338)  droplets 1  (190 it, 1.7 s)
  L =  4.35  a_s = 92.125: dE = -2.3705e-04  C = 0.310 (axis 0.319)  droplets 1  (195 it, 1.8 s)
  L =  4.35  a_s = 92.150: dE = -1.7947e-04  C = 0.290 (axis 0.298)  droplets 1  (197 it, 1.8 s)
  L =  4.35  a_s = 92.175: dE = -1.2986e-04  C = 0.268 (axis 0.276)  droplets 1  (184 it, 1.7 s)
  L =  4.35  a_s = 92.200: dE = -8.8236e-05  C = 0.245 (axis 0.252)  droplets 1  (217 it, 2.0 s)
  L =  4.35  a_s = 92.225: dE = -5.4613e-05  C = 0.218 (axis 0.224)  droplets 1  (237 it, 2.2 s)
  L =  4.35  a_s = 92.250: dE = -2.9003e-05  C = 0.186 (axis 0.192)  droplets 1  (249 it, 2.3 s)
  L =  4.35  a_s = 92.275: dE = -1.1422e-05  C = 0.148 (axis 0.152)  droplets 1  (289 it, 2.6 s)
  L =  4.35  a_s = 92.300: dE = -1.8836e-06  C = 0.095 (axis 0.097)  droplets 1  (413 it, 3.7 s)
  L =  4.35  a_s = 92.325: dE = -6.3949e-14  C = 0.000 (axis 0.000)  droplets 0  (697 it, 6.3 s)
L = 4.35 (2.79 um): continuous a* = 92.3125, C(a*) = 0.09472798812752699, droplets/cell 1, branch end in [92.3, 92.325]
  L =  4.50  a_s = 91.750: dE = -2.0639e-03  C = 0.513 (axis 0.525)  droplets 1  (261 it, 2.4 s)
  L =  4.50  a_s = 91.775: dE = -1.8851e-03  C = 0.503 (axis 0.515)  droplets 1  (164 it, 1.5 s)
  L =  4.50  a_s = 91.800: dE = -1.7143e-03  C = 0.493 (axis 0.504)  droplets 1  (165 it, 1.5 s)
  L =  4.50  a_s = 91.825: dE = -1.5516e-03  C = 0.482 (axis 0.494)  droplets 1  (166 it, 1.6 s)
  L =  4.50  a_s = 91.850: dE = -1.3970e-03  C = 0.471 (axis 0.483)  droplets 1  (167 it, 1.6 s)
  L =  4.50  a_s = 91.875: dE = -1.2505e-03  C = 0.460 (axis 0.471)  droplets 1  (170 it, 1.6 s)
  L =  4.50  a_s = 91.900: dE = -1.1120e-03  C = 0.448 (axis 0.459)  droplets 1  (170 it, 1.6 s)
  L =  4.50  a_s = 91.925: dE = -9.8157e-04  C = 0.436 (axis 0.446)  droplets 1  (174 it, 1.6 s)
  L =  4.50  a_s = 91.950: dE = -8.5925e-04  C = 0.423 (axis 0.433)  droplets 1  (175 it, 1.6 s)
  L =  4.50  a_s = 91.975: dE = -7.4503e-04  C = 0.409 (axis 0.419)  droplets 1  (177 it, 1.6 s)
  L =  4.50  a_s = 92.000: dE = -6.3890e-04  C = 0.395 (axis 0.405)  droplets 1  (179 it, 1.6 s)
  L =  4.50  a_s = 92.025: dE = -5.4089e-04  C = 0.380 (axis 0.390)  droplets 1  (181 it, 1.6 s)
  L =  4.50  a_s = 92.050: dE = -4.5099e-04  C = 0.365 (axis 0.374)  droplets 1  (184 it, 1.7 s)
  L =  4.50  a_s = 92.075: dE = -3.6922e-04  C = 0.348 (axis 0.357)  droplets 1  (188 it, 1.7 s)
  L =  4.50  a_s = 92.100: dE = -2.9558e-04  C = 0.330 (axis 0.338)  droplets 1  (191 it, 1.7 s)
  L =  4.50  a_s = 92.125: dE = -2.3009e-04  C = 0.311 (axis 0.319)  droplets 1  (194 it, 1.7 s)
  L =  4.50  a_s = 92.150: dE = -1.7276e-04  C = 0.291 (axis 0.298)  droplets 1  (199 it, 1.8 s)
  L =  4.50  a_s = 92.175: dE = -1.2361e-04  C = 0.268 (axis 0.275)  droplets 1  (203 it, 1.8 s)
  L =  4.50  a_s = 92.200: dE = -8.2640e-05  C = 0.243 (axis 0.249)  droplets 1  (197 it, 1.8 s)
  L =  4.50  a_s = 92.225: dE = -4.9872e-05  C = 0.215 (axis 0.221)  droplets 1  (240 it, 2.2 s)
  L =  4.50  a_s = 92.250: dE = -2.5321e-05  C = 0.182 (axis 0.187)  droplets 1  (250 it, 2.3 s)
  L =  4.50  a_s = 92.275: dE = -9.0029e-06  C = 0.141 (axis 0.145)  droplets 1  (292 it, 2.6 s)
  L =  4.50  a_s = 92.300: dE = -9.3595e-07  C = 0.081 (axis 0.082)  droplets 1  (478 it, 4.3 s)
  L =  4.50  a_s = 92.325: dE = -7.1054e-14  C = 0.000 (axis 0.000)  droplets 0  (561 it, 5.2 s)
L = 4.5 (2.88 um): continuous a* = 92.3125, C(a*) = 0.08051787638146957, droplets/cell 1, branch end in [92.3, 92.325]

n = 2500/um (continuous, 1 droplet(s) per cell): a* = 92.312 a0 at L = 4.35 l (2.79 um), a* - a_rot* = -0.007 a0, C(a*) = 0.095, crystal branch ends in [92.3, 92.325] a0 (125 s)
wrote C:\Users\kyost\Desktop\git\qs\results\tube_first_order_2500_dx0.125.json
