n = 700/um, dx = 0.25, L_perp = 16.0, a_rot* = 84.5 a0; uniform states 15 s
  L = 40.00  a_s = 84.900: dE = -3.8725e-03  C = 0.942 (axis 0.952)  droplets 1  (263 it, 1.5 s)
  L = 40.00  a_s = 84.925: dE = -3.5089e-03  C = 0.941 (axis 0.951)  droplets 1  (169 it, 1.0 s)
  L = 40.00  a_s = 84.950: dE = -3.1536e-03  C = 0.939 (axis 0.950)  droplets 1  (169 it, 0.9 s)
  L = 40.00  a_s = 84.975: dE = -2.8068e-03  C = 0.937 (axis 0.949)  droplets 1  (167 it, 0.9 s)
  L = 40.00  a_s = 85.000: dE = -2.4683e-03  C = 0.935 (axis 0.947)  droplets 1  (167 it, 1.0 s)
  L = 40.00  a_s = 85.025: dE = -2.1383e-03  C = 0.933 (axis 0.946)  droplets 1  (167 it, 1.0 s)
  L = 40.00  a_s = 85.050: dE = -1.8168e-03  C = 0.931 (axis 0.944)  droplets 1  (167 it, 0.9 s)
  L = 40.00  a_s = 85.075: dE = -1.5038e-03  C = 0.929 (axis 0.943)  droplets 1  (167 it, 0.9 s)
  L = 40.00  a_s = 85.100: dE = -1.1995e-03  C = 0.926 (axis 0.941)  droplets 1  (167 it, 0.9 s)
  L = 40.00  a_s = 85.125: dE = -9.0392e-04  C = 0.924 (axis 0.939)  droplets 1  (166 it, 0.9 s)
  L = 40.00  a_s = 85.150: dE = -6.1712e-04  C = 0.921 (axis 0.937)  droplets 1  (165 it, 0.9 s)
  L = 40.00  a_s = 85.175: dE = -3.3927e-04  C = 0.918 (axis 0.935)  droplets 1  (165 it, 0.9 s)
  L = 40.00  a_s = 85.200: dE = -7.0501e-05  C = 0.915 (axis 0.933)  droplets 1  (164 it, 0.9 s)
  L = 40.00  a_s = 85.225: dE = +1.8899e-04  C = 0.912 (axis 0.930)  droplets 1  (166 it, 0.9 s)
  L = 40.00  a_s = 85.250: dE = +4.3896e-04  C = 0.908 (axis 0.927)  droplets 1  (164 it, 0.9 s)
  L = 40.00  a_s = 85.275: dE = +6.7914e-04  C = 0.904 (axis 0.924)  droplets 1  (166 it, 0.9 s)
  L = 40.00  a_s = 85.300: dE = +9.0915e-04  C = 0.900 (axis 0.921)  droplets 1  (170 it, 0.9 s)
  L = 40.00  a_s = 85.325: dE = +1.1285e-03  C = 0.894 (axis 0.917)  droplets 1  (172 it, 0.9 s)
  L = 40.00  a_s = 85.350: dE = +1.3364e-03  C = 0.888 (axis 0.912)  droplets 1  (174 it, 0.9 s)
  L = 40.00  a_s = 85.375: dE = +1.5319e-03  C = 0.881 (axis 0.907)  droplets 1  (176 it, 0.9 s)
  L = 40.00  a_s = 85.400: dE = +1.7132e-03  C = 0.871 (axis 0.899)  droplets 1  (196 it, 1.1 s)
  L = 40.00  a_s = 85.425: dE = +1.8757e-03  C = 0.852 (axis 0.884)  droplets 1  (322 it, 1.7 s)
  L = 40.00  a_s = 85.450: dE = +4.1300e-14  C = 0.000 (axis 0.000)  droplets 0  (239 it, 1.3 s)
L = 40.0 (25.64 um): a* = 85.20679236487992, C(a*) = 0.9143720627572729, branch end in [85.425, 85.45]
  L = 44.00  a_s = 84.900: dE = -3.6934e-03  C = 0.943 (axis 0.953)  droplets 1  (273 it, 1.7 s)
  L = 44.00  a_s = 84.925: dE = -3.3568e-03  C = 0.942 (axis 0.952)  droplets 1  (179 it, 1.1 s)
  L = 44.00  a_s = 84.950: dE = -3.0279e-03  C = 0.940 (axis 0.951)  droplets 1  (179 it, 1.1 s)
  L = 44.00  a_s = 84.975: dE = -2.7068e-03  C = 0.938 (axis 0.949)  droplets 1  (178 it, 1.0 s)
  L = 44.00  a_s = 85.000: dE = -2.3933e-03  C = 0.936 (axis 0.948)  droplets 1  (177 it, 1.1 s)
  L = 44.00  a_s = 85.025: dE = -2.0876e-03  C = 0.934 (axis 0.947)  droplets 1  (178 it, 1.0 s)
  L = 44.00  a_s = 85.050: dE = -1.7896e-03  C = 0.932 (axis 0.945)  droplets 1  (177 it, 1.0 s)
  L = 44.00  a_s = 85.075: dE = -1.4995e-03  C = 0.930 (axis 0.943)  droplets 1  (177 it, 1.0 s)
  L = 44.00  a_s = 85.100: dE = -1.2173e-03  C = 0.928 (axis 0.942)  droplets 1  (174 it, 1.0 s)
  L = 44.00  a_s = 85.125: dE = -9.4305e-04  C = 0.925 (axis 0.940)  droplets 1  (173 it, 1.0 s)
  L = 44.00  a_s = 85.150: dE = -6.7683e-04  C = 0.923 (axis 0.938)  droplets 1  (173 it, 1.0 s)
  L = 44.00  a_s = 85.175: dE = -4.1876e-04  C = 0.920 (axis 0.936)  droplets 1  (172 it, 1.0 s)
  L = 44.00  a_s = 85.200: dE = -1.6895e-04  C = 0.917 (axis 0.934)  droplets 1  (169 it, 1.0 s)
  L = 44.00  a_s = 85.225: dE = +7.2423e-05  C = 0.914 (axis 0.931)  droplets 1  (168 it, 1.0 s)
  L = 44.00  a_s = 85.250: dE = +3.0519e-04  C = 0.910 (axis 0.929)  droplets 1  (168 it, 1.0 s)
  L = 44.00  a_s = 85.275: dE = +5.2909e-04  C = 0.906 (axis 0.926)  droplets 1  (169 it, 1.0 s)
  L = 44.00  a_s = 85.300: dE = +7.4384e-04  C = 0.902 (axis 0.923)  droplets 1  (171 it, 1.0 s)
  L = 44.00  a_s = 85.325: dE = +9.4904e-04  C = 0.897 (axis 0.919)  droplets 1  (171 it, 1.0 s)
  L = 44.00  a_s = 85.350: dE = +1.1441e-03  C = 0.892 (axis 0.915)  droplets 1  (173 it, 1.0 s)
  L = 44.00  a_s = 85.375: dE = +1.3283e-03  C = 0.885 (axis 0.909)  droplets 1  (175 it, 1.0 s)
  L = 44.00  a_s = 85.400: dE = +1.5004e-03  C = 0.876 (axis 0.903)  droplets 1  (189 it, 1.1 s)
  L = 44.00  a_s = 85.425: dE = +1.6578e-03  C = 0.863 (axis 0.893)  droplets 1  (227 it, 1.4 s)
  L = 44.00  a_s = 85.450: dE = -2.2204e-15  C = 0.000 (axis 0.000)  droplets 0  (292 it, 1.7 s)
L = 44.0 (28.20 um): a* = 85.21749892688517, C(a*) = 0.914747950986247, branch end in [85.425, 85.45]
  L = 48.00  a_s = 84.900: dE = -3.5204e-03  C = 0.944 (axis 0.954)  droplets 1  (302 it, 1.8 s)
  L = 48.00  a_s = 84.925: dE = -3.2073e-03  C = 0.943 (axis 0.952)  droplets 1  (190 it, 1.2 s)
  L = 48.00  a_s = 84.950: dE = -2.9012e-03  C = 0.941 (axis 0.951)  droplets 1  (190 it, 1.2 s)
  L = 48.00  a_s = 84.975: dE = -2.6022e-03  C = 0.939 (axis 0.950)  droplets 1  (189 it, 1.1 s)
  L = 48.00  a_s = 85.000: dE = -2.3104e-03  C = 0.937 (axis 0.949)  droplets 1  (188 it, 1.1 s)
  L = 48.00  a_s = 85.025: dE = -2.0257e-03  C = 0.935 (axis 0.947)  droplets 1  (188 it, 1.1 s)
  L = 48.00  a_s = 85.050: dE = -1.7482e-03  C = 0.933 (axis 0.946)  droplets 1  (187 it, 1.1 s)
  L = 48.00  a_s = 85.075: dE = -1.4779e-03  C = 0.931 (axis 0.944)  droplets 1  (187 it, 1.1 s)
  L = 48.00  a_s = 85.100: dE = -1.2149e-03  C = 0.929 (axis 0.942)  droplets 1  (184 it, 1.1 s)
  L = 48.00  a_s = 85.125: dE = -9.5926e-04  C = 0.927 (axis 0.941)  droplets 1  (182 it, 1.1 s)
  L = 48.00  a_s = 85.150: dE = -7.1098e-04  C = 0.924 (axis 0.939)  droplets 1  (180 it, 1.1 s)
  L = 48.00  a_s = 85.175: dE = -4.7020e-04  C = 0.921 (axis 0.937)  droplets 1  (179 it, 1.1 s)
  L = 48.00  a_s = 85.200: dE = -2.3700e-04  C = 0.918 (axis 0.935)  droplets 1  (178 it, 1.1 s)
  L = 48.00  a_s = 85.225: dE = -1.1531e-05  C = 0.915 (axis 0.932)  droplets 1  (176 it, 1.0 s)
  L = 48.00  a_s = 85.250: dE = +2.0605e-04  C = 0.912 (axis 0.930)  droplets 1  (176 it, 1.0 s)
  L = 48.00  a_s = 85.275: dE = +4.1555e-04  C = 0.908 (axis 0.927)  droplets 1  (175 it, 1.0 s)
  L = 48.00  a_s = 85.300: dE = +6.1672e-04  C = 0.904 (axis 0.924)  droplets 1  (175 it, 1.1 s)
  L = 48.00  a_s = 85.325: dE = +8.0921e-04  C = 0.899 (axis 0.921)  droplets 1  (176 it, 1.1 s)
  L = 48.00  a_s = 85.350: dE = +9.9259e-04  C = 0.894 (axis 0.916)  droplets 1  (176 it, 1.1 s)
  L = 48.00  a_s = 85.375: dE = +1.1662e-03  C = 0.888 (axis 0.912)  droplets 1  (177 it, 1.1 s)
  L = 48.00  a_s = 85.400: dE = +1.3292e-03  C = 0.880 (axis 0.906)  droplets 1  (180 it, 1.1 s)
  L = 48.00  a_s = 85.425: dE = +1.4797e-03  C = 0.869 (axis 0.897)  droplets 1  (205 it, 1.2 s)
  L = 48.00  a_s = 85.450: dE = -7.1054e-15  C = 0.000 (axis 0.000)  droplets 0  (498 it, 3.0 s)
L = 48.0 (30.77 um): a* = 85.22632493904173, C(a*) = 0.9150906815826158, branch end in [85.425, 85.45]
  L = 52.00  a_s = 84.900: dE = -3.3568e-03  C = 0.945 (axis 0.954)  droplets 1  (323 it, 2.3 s)
  L = 52.00  a_s = 84.925: dE = -3.0640e-03  C = 0.943 (axis 0.953)  droplets 1  (199 it, 1.3 s)
  L = 52.00  a_s = 84.950: dE = -2.7778e-03  C = 0.942 (axis 0.952)  droplets 1  (198 it, 1.3 s)
  L = 52.00  a_s = 84.975: dE = -2.4982e-03  C = 0.940 (axis 0.950)  droplets 1  (197 it, 1.3 s)
  L = 52.00  a_s = 85.000: dE = -2.2253e-03  C = 0.938 (axis 0.949)  droplets 1  (196 it, 1.3 s)
  L = 52.00  a_s = 85.025: dE = -1.9590e-03  C = 0.936 (axis 0.948)  droplets 1  (196 it, 1.3 s)
  L = 52.00  a_s = 85.050: dE = -1.6994e-03  C = 0.934 (axis 0.946)  droplets 1  (195 it, 1.3 s)
  L = 52.00  a_s = 85.075: dE = -1.4464e-03  C = 0.932 (axis 0.945)  droplets 1  (195 it, 1.3 s)
  L = 52.00  a_s = 85.100: dE = -1.2003e-03  C = 0.930 (axis 0.943)  droplets 1  (194 it, 1.3 s)
  L = 52.00  a_s = 85.125: dE = -9.6090e-04  C = 0.928 (axis 0.941)  droplets 1  (191 it, 1.3 s)
  L = 52.00  a_s = 85.150: dE = -7.2838e-04  C = 0.925 (axis 0.940)  droplets 1  (188 it, 1.2 s)
  L = 52.00  a_s = 85.175: dE = -5.0280e-04  C = 0.922 (axis 0.938)  droplets 1  (187 it, 1.2 s)
  L = 52.00  a_s = 85.200: dE = -2.8423e-04  C = 0.920 (axis 0.935)  droplets 1  (184 it, 1.2 s)
  L = 52.00  a_s = 85.225: dE = -7.2805e-05  C = 0.917 (axis 0.933)  droplets 1  (183 it, 1.2 s)
  L = 52.00  a_s = 85.250: dE = +1.3135e-04  C = 0.913 (axis 0.931)  droplets 1  (181 it, 1.2 s)
  L = 52.00  a_s = 85.275: dE = +3.2806e-04  C = 0.910 (axis 0.928)  droplets 1  (181 it, 1.2 s)
  L = 52.00  a_s = 85.300: dE = +5.1711e-04  C = 0.906 (axis 0.925)  droplets 1  (178 it, 1.5 s)
  L = 52.00  a_s = 85.325: dE = +6.9821e-04  C = 0.901 (axis 0.922)  droplets 1  (180 it, 1.4 s)
  L = 52.00  a_s = 85.350: dE = +8.7101e-04  C = 0.896 (axis 0.918)  droplets 1  (179 it, 1.4 s)
  L = 52.00  a_s = 85.375: dE = +1.0350e-03  C = 0.890 (axis 0.913)  droplets 1  (179 it, 1.5 s)
  L = 52.00  a_s = 85.400: dE = +1.1894e-03  C = 0.883 (axis 0.908)  droplets 1  (181 it, 1.5 s)
  L = 52.00  a_s = 85.425: dE = +1.3328e-03  C = 0.873 (axis 0.901)  droplets 1  (197 it, 1.7 s)
  L = 52.00  a_s = 85.450: dE = +1.4626e-03  C = 0.857 (axis 0.888)  droplets 1  (276 it, 2.3 s)
  L = 52.00  a_s = 85.475: dE = -3.7748e-14  C = 0.000 (axis 0.000)  droplets 0  (223 it, 1.5 s)
L = 52.0 (33.33 um): a* = 85.23391535197021, C(a*) = 0.9153203968006077, branch end in [85.45, 85.475]
  L = 56.00  a_s = 84.900: dE = -3.2036e-03  C = 0.945 (axis 0.954)  droplets 1  (309 it, 2.1 s)
  L = 56.00  a_s = 84.925: dE = -2.9287e-03  C = 0.944 (axis 0.953)  droplets 1  (204 it, 1.4 s)
  L = 56.00  a_s = 84.950: dE = -2.6600e-03  C = 0.942 (axis 0.952)  droplets 1  (203 it, 1.4 s)
  L = 56.00  a_s = 84.975: dE = -2.3975e-03  C = 0.941 (axis 0.951)  droplets 1  (203 it, 1.4 s)
  L = 56.00  a_s = 85.000: dE = -2.1412e-03  C = 0.939 (axis 0.949)  droplets 1  (202 it, 1.4 s)
  L = 56.00  a_s = 85.025: dE = -1.8911e-03  C = 0.937 (axis 0.948)  droplets 1  (200 it, 1.4 s)
  L = 56.00  a_s = 85.050: dE = -1.6472e-03  C = 0.935 (axis 0.947)  droplets 1  (201 it, 1.4 s)
  L = 56.00  a_s = 85.075: dE = -1.4096e-03  C = 0.933 (axis 0.945)  droplets 1  (199 it, 1.4 s)
  L = 56.00  a_s = 85.100: dE = -1.1783e-03  C = 0.931 (axis 0.944)  droplets 1  (197 it, 1.4 s)
  L = 56.00  a_s = 85.125: dE = -9.5328e-04  C = 0.928 (axis 0.942)  droplets 1  (193 it, 1.3 s)
  L = 56.00  a_s = 85.150: dE = -7.3469e-04  C = 0.926 (axis 0.940)  droplets 1  (190 it, 1.3 s)
  L = 56.00  a_s = 85.175: dE = -5.2255e-04  C = 0.923 (axis 0.938)  droplets 1  (190 it, 1.3 s)
  L = 56.00  a_s = 85.200: dE = -3.1695e-04  C = 0.921 (axis 0.936)  droplets 1  (187 it, 1.3 s)
  L = 56.00  a_s = 85.225: dE = -1.1798e-04  C = 0.918 (axis 0.934)  droplets 1  (186 it, 1.3 s)
  L = 56.00  a_s = 85.250: dE = +7.4238e-05  C = 0.914 (axis 0.932)  droplets 1  (185 it, 1.3 s)
  L = 56.00  a_s = 85.275: dE = +2.5955e-04  C = 0.911 (axis 0.929)  droplets 1  (184 it, 1.3 s)
  L = 56.00  a_s = 85.300: dE = +4.3777e-04  C = 0.907 (axis 0.926)  droplets 1  (184 it, 1.3 s)
  L = 56.00  a_s = 85.325: dE = +6.0865e-04  C = 0.903 (axis 0.923)  droplets 1  (185 it, 1.3 s)
  L = 56.00  a_s = 85.350: dE = +7.7189e-04  C = 0.898 (axis 0.919)  droplets 1  (185 it, 1.3 s)
  L = 56.00  a_s = 85.375: dE = +9.2703e-04  C = 0.892 (axis 0.915)  droplets 1  (185 it, 1.3 s)
  L = 56.00  a_s = 85.400: dE = +1.0735e-03  C = 0.885 (axis 0.910)  droplets 1  (185 it, 1.3 s)
  L = 56.00  a_s = 85.425: dE = +1.2101e-03  C = 0.877 (axis 0.903)  droplets 1  (190 it, 1.3 s)
  L = 56.00  a_s = 85.450: dE = +1.3350e-03  C = 0.863 (axis 0.893)  droplets 1  (236 it, 1.6 s)
  L = 56.00  a_s = 85.475: dE = +3.5527e-15  C = 0.000 (axis 0.000)  droplets 0  (292 it, 2.0 s)
L = 56.0 (35.90 um): a* = 85.24034435568082, C(a*) = 0.9155474370660432, branch end in [85.45, 85.475]

n = 700/um: a* = 85.240 a0 at L = 56.0 l (35.90 um), a* - a_rot* = +0.740 a0, C(a*) = 0.916, crystal branch ends in [85.45, 85.475] a0 (194 s)
wrote results\tube_first_order_700_refine.json
