n = 700/um, dx = 0.25, L_perp = 16.0, a_rot* = 84.5 a0; uniform states 12 s
  L = 64.00  a_s = 85.100: dE = -1.1234e-03  C = 0.932 (axis 0.944)  droplets 1  (278 it, 2.2 s)
  L = 64.00  a_s = 85.125: dE = -9.2263e-04  C = 0.930 (axis 0.943)  droplets 1  (197 it, 1.5 s)
  L = 64.00  a_s = 85.150: dE = -7.2750e-04  C = 0.927 (axis 0.941)  droplets 1  (191 it, 1.5 s)
  L = 64.00  a_s = 85.175: dE = -5.3805e-04  C = 0.925 (axis 0.939)  droplets 1  (190 it, 1.4 s)
  L = 64.00  a_s = 85.200: dE = -3.5434e-04  C = 0.922 (axis 0.937)  droplets 1  (186 it, 1.4 s)
  L = 64.00  a_s = 85.225: dE = -1.7646e-04  C = 0.919 (axis 0.935)  droplets 1  (185 it, 1.4 s)
  L = 64.00  a_s = 85.250: dE = -4.4844e-06  C = 0.916 (axis 0.933)  droplets 1  (182 it, 1.4 s)
  L = 64.00  a_s = 85.275: dE = +1.6145e-04  C = 0.913 (axis 0.930)  droplets 1  (179 it, 1.3 s)
  L = 64.00  a_s = 85.300: dE = +3.2121e-04  C = 0.909 (axis 0.928)  droplets 1  (172 it, 1.3 s)
  L = 64.00  a_s = 85.325: dE = +4.7459e-04  C = 0.905 (axis 0.924)  droplets 1  (171 it, 1.3 s)
  L = 64.00  a_s = 85.350: dE = +6.2135e-04  C = 0.900 (axis 0.921)  droplets 1  (174 it, 1.3 s)
  L = 64.00  a_s = 85.375: dE = +7.6117e-04  C = 0.895 (axis 0.917)  droplets 1  (179 it, 1.3 s)
  L = 64.00  a_s = 85.400: dE = +8.9357e-04  C = 0.889 (axis 0.912)  droplets 1  (184 it, 1.4 s)
  L = 64.00  a_s = 85.425: dE = +1.0178e-03  C = 0.881 (axis 0.906)  droplets 1  (186 it, 1.4 s)
  L = 64.00  a_s = 85.450: dE = +1.1327e-03  C = 0.871 (axis 0.898)  droplets 1  (208 it, 1.6 s)
  L = 64.00  a_s = 85.475: dE = +1.2347e-03  C = 0.847 (axis 0.880)  droplets 1  (465 it, 3.5 s)
  L = 64.00  a_s = 85.500: dE = +1.3323e-14  C = 0.000 (axis 0.000)  droplets 0  (244 it, 1.9 s)
L = 64.0 (41.02 um): crossing a* = 85.25067561461782, C(a*) = 0.9159585465426654, droplets/cell 1, branch end in [85.475, 85.5]
  L = 72.00  a_s = 85.100: dE = -1.0639e-03  C = 0.933 (axis 0.945)  droplets 1  (289 it, 2.6 s)
  L = 72.00  a_s = 85.125: dE = -8.8272e-04  C = 0.931 (axis 0.943)  droplets 1  (208 it, 1.9 s)
  L = 72.00  a_s = 85.150: dE = -7.0656e-04  C = 0.928 (axis 0.942)  droplets 1  (207 it, 1.9 s)
  L = 72.00  a_s = 85.175: dE = -5.3547e-04  C = 0.926 (axis 0.940)  droplets 1  (203 it, 1.8 s)
  L = 72.00  a_s = 85.200: dE = -3.6951e-04  C = 0.923 (axis 0.938)  droplets 1  (201 it, 1.8 s)
  L = 72.00  a_s = 85.225: dE = -2.0873e-04  C = 0.920 (axis 0.936)  droplets 1  (196 it, 1.8 s)
  L = 72.00  a_s = 85.250: dE = -5.3231e-05  C = 0.917 (axis 0.934)  droplets 1  (195 it, 1.8 s)
  L = 72.00  a_s = 85.275: dE = +9.6907e-05  C = 0.914 (axis 0.931)  droplets 1  (193 it, 1.7 s)
  L = 72.00  a_s = 85.300: dE = +2.4156e-04  C = 0.910 (axis 0.929)  droplets 1  (191 it, 1.7 s)
  L = 72.00  a_s = 85.325: dE = +3.8057e-04  C = 0.907 (axis 0.926)  droplets 1  (189 it, 1.7 s)
  L = 72.00  a_s = 85.350: dE = +5.1374e-04  C = 0.902 (axis 0.922)  droplets 1  (188 it, 1.7 s)
  L = 72.00  a_s = 85.375: dE = +6.4080e-04  C = 0.897 (axis 0.919)  droplets 1  (187 it, 1.7 s)
  L = 72.00  a_s = 85.400: dE = +7.6140e-04  C = 0.891 (axis 0.914)  droplets 1  (186 it, 1.7 s)
  L = 72.00  a_s = 85.425: dE = +8.7497e-04  C = 0.884 (axis 0.909)  droplets 1  (186 it, 1.7 s)
  L = 72.00  a_s = 85.450: dE = +9.8063e-04  C = 0.875 (axis 0.902)  droplets 1  (195 it, 1.8 s)
  L = 72.00  a_s = 85.475: dE = +1.0764e-03  C = 0.860 (axis 0.890)  droplets 1  (266 it, 2.4 s)
  L = 72.00  a_s = 85.500: dE = -7.1054e-15  C = 0.000 (axis 0.000)  droplets 0  (298 it, 2.7 s)
L = 72.0 (46.15 um): crossing a* = 85.25886370644064, C(a*) = 0.9162098152903361, droplets/cell 1, branch end in [85.475, 85.5]
  L = 80.00  a_s = 85.100: dE = -1.0055e-03  C = 0.934 (axis 0.946)  droplets 1  (294 it, 2.9 s)
  L = 80.00  a_s = 85.125: dE = -8.4037e-04  C = 0.931 (axis 0.944)  droplets 1  (211 it, 2.1 s)
  L = 80.00  a_s = 85.150: dE = -6.7983e-04  C = 0.929 (axis 0.942)  droplets 1  (208 it, 2.1 s)
  L = 80.00  a_s = 85.175: dE = -5.2389e-04  C = 0.927 (axis 0.941)  droplets 1  (206 it, 2.0 s)
  L = 80.00  a_s = 85.200: dE = -3.7258e-04  C = 0.924 (axis 0.939)  droplets 1  (200 it, 2.0 s)
  L = 80.00  a_s = 85.225: dE = -2.2596e-04  C = 0.921 (axis 0.937)  droplets 1  (198 it, 2.0 s)
  L = 80.00  a_s = 85.250: dE = -8.4087e-05  C = 0.918 (axis 0.934)  droplets 1  (195 it, 1.9 s)
  L = 80.00  a_s = 85.275: dE = +5.2951e-05  C = 0.915 (axis 0.932)  droplets 1  (193 it, 1.9 s)
  L = 80.00  a_s = 85.300: dE = +1.8505e-04  C = 0.912 (axis 0.929)  droplets 1  (191 it, 1.9 s)
  L = 80.00  a_s = 85.325: dE = +3.1209e-04  C = 0.908 (axis 0.927)  droplets 1  (190 it, 1.9 s)
  L = 80.00  a_s = 85.350: dE = +4.3390e-04  C = 0.904 (axis 0.923)  droplets 1  (190 it, 1.9 s)
  L = 80.00  a_s = 85.375: dE = +5.5025e-04  C = 0.899 (axis 0.920)  droplets 1  (191 it, 1.9 s)
  L = 80.00  a_s = 85.400: dE = +6.6086e-04  C = 0.893 (axis 0.916)  droplets 1  (188 it, 1.9 s)
  L = 80.00  a_s = 85.425: dE = +7.6527e-04  C = 0.886 (axis 0.911)  droplets 1  (188 it, 1.9 s)
  L = 80.00  a_s = 85.450: dE = +8.6280e-04  C = 0.878 (axis 0.904)  droplets 1  (190 it, 1.9 s)
  L = 80.00  a_s = 85.475: dE = +9.5206e-04  C = 0.865 (axis 0.894)  droplets 1  (231 it, 2.3 s)
  L = 80.00  a_s = 85.500: dE = -3.0198e-14  C = 0.000 (axis 0.000)  droplets 0  (331 it, 3.3 s)
L = 80.0 (51.28 um): crossing a* = 85.26534011572384, C(a*) = 0.9164432920090846, droplets/cell 1, branch end in [85.475, 85.5]
  L = 96.00  a_s = 85.100: dE = -8.9909e-04  C = 0.935 (axis 0.946)  droplets 1  (305 it, 4.0 s)
  L = 96.00  a_s = 85.125: dE = -7.5894e-04  C = 0.933 (axis 0.945)  droplets 1  (208 it, 3.0 s)
  L = 96.00  a_s = 85.150: dE = -6.2263e-04  C = 0.930 (axis 0.943)  droplets 1  (205 it, 3.0 s)
  L = 96.00  a_s = 85.175: dE = -4.9018e-04  C = 0.928 (axis 0.941)  droplets 1  (203 it, 3.0 s)
  L = 96.00  a_s = 85.200: dE = -3.6162e-04  C = 0.926 (axis 0.940)  droplets 1  (201 it, 2.9 s)
  L = 96.00  a_s = 85.225: dE = -2.3699e-04  C = 0.923 (axis 0.938)  droplets 1  (198 it, 2.9 s)
  L = 96.00  a_s = 85.250: dE = -1.1634e-04  C = 0.920 (axis 0.935)  droplets 1  (196 it, 2.8 s)
  L = 96.00  a_s = 85.275: dE = +2.7715e-07  C = 0.917 (axis 0.933)  droplets 1  (195 it, 3.0 s)
  L = 96.00  a_s = 85.300: dE = +1.1278e-04  C = 0.913 (axis 0.931)  droplets 1  (192 it, 2.7 s)
  L = 96.00  a_s = 85.325: dE = +2.2106e-04  C = 0.910 (axis 0.928)  droplets 1  (191 it, 2.2 s)
  L = 96.00  a_s = 85.350: dE = +3.2502e-04  C = 0.906 (axis 0.925)  droplets 1  (189 it, 2.2 s)
  L = 96.00  a_s = 85.375: dE = +4.2447e-04  C = 0.901 (axis 0.921)  droplets 1  (189 it, 2.2 s)
  L = 96.00  a_s = 85.400: dE = +5.1921e-04  C = 0.896 (axis 0.918)  droplets 1  (189 it, 2.1 s)
  L = 96.00  a_s = 85.425: dE = +6.0891e-04  C = 0.890 (axis 0.913)  droplets 1  (189 it, 2.2 s)
  L = 96.00  a_s = 85.450: dE = +6.9311e-04  C = 0.882 (axis 0.907)  droplets 1  (189 it, 2.2 s)
  L = 96.00  a_s = 85.475: dE = +7.7097e-04  C = 0.872 (axis 0.899)  droplets 1  (207 it, 2.4 s)
  L = 96.00  a_s = 85.500: dE = +8.4023e-04  C = 0.850 (axis 0.882)  droplets 1  (406 it, 4.7 s)
  L = 96.00  a_s = 85.525: dE = -1.2879e-14  C = 0.000 (axis 0.000)  droplets 0  (241 it, 2.8 s)
L = 96.0 (61.54 um): crossing a* = 85.2749405832642, C(a*) = 0.9168421575896731, droplets/cell 1, branch end in [85.5, 85.525]
  L = 112.00  a_s = 85.100: dE = -8.0900e-04  C = 0.936 (axis 0.947)  droplets 1  (317 it, 5.5 s)
  L = 112.00  a_s = 85.125: dE = -6.8725e-04  C = 0.934 (axis 0.945)  droplets 1  (215 it, 3.5 s)
  L = 112.00  a_s = 85.150: dE = -5.6883e-04  C = 0.931 (axis 0.944)  droplets 1  (208 it, 2.9 s)
  L = 112.00  a_s = 85.175: dE = -4.5373e-04  C = 0.929 (axis 0.942)  droplets 1  (205 it, 2.6 s)
  L = 112.00  a_s = 85.200: dE = -3.4200e-04  C = 0.926 (axis 0.940)  droplets 1  (203 it, 2.6 s)
  L = 112.00  a_s = 85.225: dE = -2.3365e-04  C = 0.924 (axis 0.938)  droplets 1  (202 it, 2.5 s)
  L = 112.00  a_s = 85.250: dE = -1.2873e-04  C = 0.921 (axis 0.936)  droplets 1  (199 it, 2.5 s)
  L = 112.00  a_s = 85.275: dE = -2.7272e-05  C = 0.918 (axis 0.934)  droplets 1  (197 it, 2.5 s)
  L = 112.00  a_s = 85.300: dE = +7.0650e-05  C = 0.915 (axis 0.932)  droplets 1  (196 it, 2.5 s)
  L = 112.00  a_s = 85.325: dE = +1.6496e-04  C = 0.911 (axis 0.929)  droplets 1  (194 it, 2.4 s)
  L = 112.00  a_s = 85.350: dE = +2.5557e-04  C = 0.907 (axis 0.926)  droplets 1  (192 it, 2.4 s)
  L = 112.00  a_s = 85.375: dE = +3.4234e-04  C = 0.903 (axis 0.923)  droplets 1  (192 it, 2.4 s)
  L = 112.00  a_s = 85.400: dE = +4.2511e-04  C = 0.898 (axis 0.919)  droplets 1  (191 it, 2.4 s)
  L = 112.00  a_s = 85.425: dE = +5.0362e-04  C = 0.892 (axis 0.914)  droplets 1  (188 it, 2.3 s)
  L = 112.00  a_s = 85.450: dE = +5.7754e-04  C = 0.885 (axis 0.909)  droplets 1  (188 it, 2.3 s)
  L = 112.00  a_s = 85.475: dE = +6.4625e-04  C = 0.875 (axis 0.902)  droplets 1  (195 it, 2.4 s)
  L = 112.00  a_s = 85.500: dE = +7.0845e-04  C = 0.860 (axis 0.890)  droplets 1  (265 it, 3.3 s)
  L = 112.00  a_s = 85.525: dE = -8.8818e-15  C = 0.000 (axis 0.000)  droplets 0  (247 it, 3.0 s)
L = 112.0 (71.79 um): crossing a* = 85.28196265746357, C(a*) = 0.9170601979349116, droplets/cell 1, branch end in [85.5, 85.525]

n = 700/um (crossing, 1 droplet(s) per cell): a* = 85.282 a0 at L = 112.0 l (71.79 um), a* - a_rot* = +0.782 a0, C(a*) = 0.917, crystal branch ends in [85.5, 85.525] a0 (232 s)
wrote results\tube_first_order_700_long.json
